[0.126s] DEBUG:colcon:Command line arguments: ['/usr/bin/colcon', 'build', '--packages-select', 'simulation']
[0.126s] DEBUG:colcon:Parsed command line arguments: Namespace(log_base=None, log_level=None, verb_name='build', build_base='build', install_base='install', merge_install=False, symlink_install=False, test_result_base=None, continue_on_error=False, executor='parallel', parallel_workers=12, event_handlers=None, ignore_user_meta=False, metas=['./colcon.meta'], base_paths=['.'], packages_ignore=None, packages_ignore_regex=None, paths=None, packages_up_to=None, packages_up_to_regex=None, packages_above=None, packages_above_and_dependencies=None, packages_above_depth=None, packages_select_by_dep=None, packages_skip_by_dep=None, packages_skip_up_to=None, packages_select_build_failed=False, packages_skip_build_finished=False, packages_select_test_failures=False, packages_skip_test_passed=False, packages_select=['simulation'], packages_skip=None, packages_select_regex=None, packages_skip_regex=None, packages_start=None, packages_end=None, cmake_args=None, cmake_target=None, cmake_target_skip_unavailable=False, cmake_clean_cache=False, cmake_clean_first=False, cmake_force_configure=False, ament_cmake_args=None, catkin_cmake_args=None, catkin_skip_building_tests=False, verb_parser=<colcon_defaults.argument_parser.defaults.DefaultArgumentsDecorator object at 0x7a29f1e0a060>, verb_extension=<colcon_core.verb.build.BuildVerb object at 0x7a29f1e09a00>, main=<bound method BuildVerb.main of <colcon_core.verb.build.BuildVerb object at 0x7a29f1e09a00>>)
[0.161s] Level 1:colcon.colcon_core.package_discovery:discover_packages(colcon_meta) check parameters
[0.163s] Level 1:colcon.colcon_core.package_discovery:discover_packages(recursive) check parameters
[0.164s] Level 1:colcon.colcon_core.package_discovery:discover_packages(ignore) check parameters
[0.165s] Level 1:colcon.colcon_core.package_discovery:discover_packages(path) check parameters
[0.166s] Level 1:colcon.colcon_core.package_discovery:discover_packages(colcon_meta) discover
[0.167s] Level 1:colcon.colcon_core.package_discovery:discover_packages(recursive) discover
[0.168s] INFO:colcon.colcon_core.package_discovery:Crawling recursively for packages in '/mnt/d/GroundZero/simulation'
[0.169s] Level 1:colcon.colcon_core.package_identification:_identify(.) by extensions ['ignore', 'ignore_ament_install']
[0.170s] Level 1:colcon.colcon_core.package_identification:_identify(.) by extension 'ignore'
[0.170s] Level 1:colcon.colcon_core.package_identification:_identify(.) by extension 'ignore_ament_install'
[0.171s] Level 1:colcon.colcon_core.package_identification:_identify(.) by extensions ['colcon_pkg']
[0.172s] Level 1:colcon.colcon_core.package_identification:_identify(.) by extension 'colcon_pkg'
[0.173s] Level 1:colcon.colcon_core.package_identification:_identify(.) by extensions ['colcon_meta']
[0.173s] Level 1:colcon.colcon_core.package_identification:_identify(.) by extension 'colcon_meta'
[0.174s] Level 1:colcon.colcon_core.package_identification:_identify(.) by extensions ['ros']
[0.175s] Level 1:colcon.colcon_core.package_identification:_identify(.) by extension 'ros'
[0.207s] DEBUG:colcon.colcon_core.package_identification:Package '.' with type 'ros.ament_cmake' and name 'simulation'
[0.209s] Level 1:colcon.colcon_core.package_discovery:discover_packages(recursive) using defaults
[0.211s] Level 1:colcon.colcon_core.package_discovery:discover_packages(ignore) discover
[0.212s] Level 1:colcon.colcon_core.package_discovery:discover_packages(ignore) using defaults
[0.213s] Level 1:colcon.colcon_core.package_discovery:discover_packages(path) discover
[0.214s] Level 1:colcon.colcon_core.package_discovery:discover_packages(path) using defaults
[0.233s] Level 5:colcon.colcon_core.verb:set package 'simulation' build argument 'cmake_args' from command line to 'None'
[0.235s] Level 5:colcon.colcon_core.verb:set package 'simulation' build argument 'cmake_target' from command line to 'None'
[0.236s] Level 5:colcon.colcon_core.verb:set package 'simulation' build argument 'cmake_target_skip_unavailable' from command line to 'False'
[0.238s] Level 5:colcon.colcon_core.verb:set package 'simulation' build argument 'cmake_clean_cache' from command line to 'False'
[0.239s] Level 5:colcon.colcon_core.verb:set package 'simulation' build argument 'cmake_clean_first' from command line to 'False'
[0.241s] Level 5:colcon.colcon_core.verb:set package 'simulation' build argument 'cmake_force_configure' from command line to 'False'
[0.243s] Level 5:colcon.colcon_core.verb:set package 'simulation' build argument 'ament_cmake_args' from command line to 'None'
[0.244s] Level 5:colcon.colcon_core.verb:set package 'simulation' build argument 'catkin_cmake_args' from command line to 'None'
[0.246s] Level 5:colcon.colcon_core.verb:set package 'simulation' build argument 'catkin_skip_building_tests' from command line to 'False'
[0.247s] DEBUG:colcon.colcon_core.verb:Building package 'simulation' with the following arguments: {'ament_cmake_args': None, 'build_base': '/mnt/d/GroundZero/simulation/build/simulation', 'catkin_cmake_args': None, 'catkin_skip_building_tests': False, 'cmake_args': None, 'cmake_clean_cache': False, 'cmake_clean_first': False, 'cmake_force_configure': False, 'cmake_target': None, 'cmake_target_skip_unavailable': False, 'install_base': '/mnt/d/GroundZero/simulation/install/simulation', 'merge_install': False, 'path': '/mnt/d/GroundZero/simulation', 'symlink_install': False, 'test_result_base': None}
[0.249s] INFO:colcon.colcon_core.executor:Executing jobs using 'parallel' executor
[0.251s] DEBUG:colcon.colcon_parallel_executor.executor.parallel:run_until_complete
[0.254s] INFO:colcon.colcon_ros.task.ament_cmake.build:Building ROS package in '/mnt/d/GroundZero/simulation' with build type 'ament_cmake'
[0.256s] INFO:colcon.colcon_cmake.task.cmake.build:Building CMake package in '/mnt/d/GroundZero/simulation'
[0.259s] INFO:colcon.colcon_core.plugin_system:Skipping extension 'colcon_core.shell.bat': Not used on non-Windows systems
[0.260s] DEBUG:colcon.colcon_core.shell:Skip shell extension 'dsv' for command environment
[0.388s] DEBUG:colcon.colcon_core.event_handler.log_command:Invoking command in '/mnt/d/GroundZero/simulation/build/simulation': CMAKE_PREFIX_PATH=${CMAKE_PREFIX_PATH}:/opt/ros/jazzy /usr/bin/cmake --build /mnt/d/GroundZero/simulation/build/simulation -- -j12 -l12
[0.497s] DEBUG:colcon.colcon_core.event_handler.log_command:Invoked command in '/mnt/d/GroundZero/simulation/build/simulation' returned '0': CMAKE_PREFIX_PATH=${CMAKE_PREFIX_PATH}:/opt/ros/jazzy /usr/bin/cmake --build /mnt/d/GroundZero/simulation/build/simulation -- -j12 -l12
[0.534s] DEBUG:colcon.colcon_core.event_handler.log_command:Invoking command in '/mnt/d/GroundZero/simulation/build/simulation': CMAKE_PREFIX_PATH=${CMAKE_PREFIX_PATH}:/opt/ros/jazzy /usr/bin/cmake --install /mnt/d/GroundZero/simulation/build/simulation
[2.942s] Level 1:colcon.colcon_core.environment:create_environment_scripts_only(simulation)
[2.945s] Level 1:colcon.colcon_core.environment:checking '/mnt/d/GroundZero/simulation/install/simulation' for CMake module files
[2.946s] DEBUG:colcon.colcon_core.event_handler.log_command:Invoked command in '/mnt/d/GroundZero/simulation/build/simulation' returned '0': CMAKE_PREFIX_PATH=${CMAKE_PREFIX_PATH}:/opt/ros/jazzy /usr/bin/cmake --install /mnt/d/GroundZero/simulation/build/simulation
[2.997s] Level 1:colcon.colcon_core.environment:checking '/mnt/d/GroundZero/simulation/install/simulation' for CMake config files
[3.040s] Level 1:colcon.colcon_core.shell:create_environment_hook('simulation', 'cmake_prefix_path')
[3.041s] INFO:colcon.colcon_core.shell:Creating environment descriptor '/mnt/d/GroundZero/simulation/install/simulation/share/simulation/hook/cmake_prefix_path.dsv'
[3.051s] INFO:colcon.colcon_core.shell:Creating environment hook '/mnt/d/GroundZero/simulation/install/simulation/share/simulation/hook/cmake_prefix_path.sh'
[3.063s] Level 1:colcon.colcon_core.environment:checking '/mnt/d/GroundZero/simulation/install/simulation/bin'
[3.065s] Level 1:colcon.colcon_core.environment:checking '/mnt/d/GroundZero/simulation/install/simulation/lib/pkgconfig/simulation.pc'
[3.068s] Level 1:colcon.colcon_core.environment:checking '/mnt/d/GroundZero/simulation/install/simulation/lib/python3.12/site-packages'
[3.070s] Level 1:colcon.colcon_core.environment:checking '/mnt/d/GroundZero/simulation/install/simulation/bin'
[3.072s] INFO:colcon.colcon_core.shell:Creating package descriptor '/mnt/d/GroundZero/simulation/install/simulation/share/simulation/package.dsv'
[3.081s] INFO:colcon.colcon_core.shell:Creating package script '/mnt/d/GroundZero/simulation/install/simulation/share/simulation/package.sh'
[3.090s] INFO:colcon.colcon_core.shell:Creating package script '/mnt/d/GroundZero/simulation/install/simulation/share/simulation/package.bash'
[3.098s] INFO:colcon.colcon_core.shell:Creating package script '/mnt/d/GroundZero/simulation/install/simulation/share/simulation/package.zsh'
[3.108s] Level 1:colcon.colcon_core.environment:create_file_with_runtime_dependencies(/mnt/d/GroundZero/simulation/install/simulation/share/colcon-core/packages/simulation)
[3.144s] Level 1:colcon.colcon_core.environment:create_environment_scripts_only(simulation)
[3.145s] Level 1:colcon.colcon_core.environment:checking '/mnt/d/GroundZero/simulation/install/simulation' for CMake module files
[3.194s] Level 1:colcon.colcon_core.environment:checking '/mnt/d/GroundZero/simulation/install/simulation' for CMake config files
[3.242s] Level 1:colcon.colcon_core.shell:create_environment_hook('simulation', 'cmake_prefix_path')
[3.244s] INFO:colcon.colcon_core.shell:Creating environment descriptor '/mnt/d/GroundZero/simulation/install/simulation/share/simulation/hook/cmake_prefix_path.dsv'
[3.253s] INFO:colcon.colcon_core.shell:Creating environment hook '/mnt/d/GroundZero/simulation/install/simulation/share/simulation/hook/cmake_prefix_path.sh'
[3.267s] Level 1:colcon.colcon_core.environment:checking '/mnt/d/GroundZero/simulation/install/simulation/bin'
[3.269s] Level 1:colcon.colcon_core.environment:checking '/mnt/d/GroundZero/simulation/install/simulation/lib/pkgconfig/simulation.pc'
[3.270s] Level 1:colcon.colcon_core.environment:checking '/mnt/d/GroundZero/simulation/install/simulation/lib/python3.12/site-packages'
[3.273s] Level 1:colcon.colcon_core.environment:checking '/mnt/d/GroundZero/simulation/install/simulation/bin'
[3.274s] INFO:colcon.colcon_core.shell:Creating package descriptor '/mnt/d/GroundZero/simulation/install/simulation/share/simulation/package.dsv'
[3.282s] INFO:colcon.colcon_core.shell:Creating package script '/mnt/d/GroundZero/simulation/install/simulation/share/simulation/package.sh'
[3.293s] INFO:colcon.colcon_core.shell:Creating package script '/mnt/d/GroundZero/simulation/install/simulation/share/simulation/package.bash'
[3.302s] INFO:colcon.colcon_core.shell:Creating package script '/mnt/d/GroundZero/simulation/install/simulation/share/simulation/package.zsh'
[3.311s] Level 1:colcon.colcon_core.environment:create_file_with_runtime_dependencies(/mnt/d/GroundZero/simulation/install/simulation/share/colcon-core/packages/simulation)
[3.320s] DEBUG:colcon.colcon_parallel_executor.executor.parallel:closing loop
[3.320s] DEBUG:colcon.colcon_parallel_executor.executor.parallel:loop closed
[3.321s] DEBUG:colcon.colcon_parallel_executor.executor.parallel:run_until_complete finished with '0'
[3.322s] DEBUG:colcon.colcon_core.event_reactor:joining thread
[3.381s] INFO:colcon.colcon_core.plugin_system:Skipping extension 'colcon_notification.desktop_notification.notify_send': Could not find 'notify-send'
[3.383s] INFO:colcon.colcon_core.plugin_system:Skipping extension 'colcon_notification.desktop_notification.terminal_notifier': Not used on non-Darwin systems
[3.384s] INFO:colcon.colcon_core.plugin_system:Skipping extension 'colcon_notification.desktop_notification.win32': Not used on non-Windows systems
[3.384s] INFO:colcon.colcon_notification.desktop_notification:Sending desktop notification using 'notify2'
[3.385s] DEBUG:colcon.colcon_notification.desktop_notification.notify2:Failed to initialize notify2: org.freedesktop.DBus.Error.ServiceUnknown: The name org.freedesktop.Notifications was not provided by any .service files
[3.387s] DEBUG:colcon.colcon_core.event_reactor:joined thread
[3.388s] INFO:colcon.colcon_core.shell:Creating prefix script '/mnt/d/GroundZero/simulation/install/local_setup.sh'
[3.394s] INFO:colcon.colcon_core.shell:Creating prefix util module '/mnt/d/GroundZero/simulation/install/_local_setup_util_sh.py'
[3.400s] INFO:colcon.colcon_core.shell:Creating prefix chain script '/mnt/d/GroundZero/simulation/install/setup.sh'
[3.415s] INFO:colcon.colcon_core.shell:Creating prefix script '/mnt/d/GroundZero/simulation/install/local_setup.bash'
[3.421s] INFO:colcon.colcon_core.shell:Creating prefix chain script '/mnt/d/GroundZero/simulation/install/setup.bash'
[3.431s] INFO:colcon.colcon_core.shell:Creating prefix script '/mnt/d/GroundZero/simulation/install/local_setup.zsh'
[3.436s] INFO:colcon.colcon_core.shell:Creating prefix chain script '/mnt/d/GroundZero/simulation/install/setup.zsh'
