[0.126s] Invoking command in '/mnt/d/GroundZero/simulation/build/simulation': CMAKE_PREFIX_PATH=${CMAKE_PREFIX_PATH}:/opt/ros/jazzy /usr/bin/cmake --build /mnt/d/GroundZero/simulation/build/simulation -- -j12 -l12
[0.228s] Invoked command in '/mnt/d/GroundZero/simulation/build/simulation' returned '0': CMAKE_PREFIX_PATH=${CMAKE_PREFIX_PATH}:/opt/ros/jazzy /usr/bin/cmake --build /mnt/d/GroundZero/simulation/build/simulation -- -j12 -l12
[0.263s] Invoking command in '/mnt/d/GroundZero/simulation/build/simulation': CMAKE_PREFIX_PATH=${CMAKE_PREFIX_PATH}:/opt/ros/jazzy /usr/bin/cmake --install /mnt/d/GroundZero/simulation/build/simulation
[0.276s] -- Install configuration: ""
[0.287s] -- Up-to-date: /mnt/d/GroundZero/simulation/install/simulation/share/simulation/worlds
[0.309s] -- Installing: /mnt/d/GroundZero/simulation/install/simulation/share/simulation/worlds/disaster_night_world.sdf
[0.394s] -- Up-to-date: /mnt/d/GroundZero/simulation/install/simulation/share/simulation/models
[0.419s] -- Up-to-date: /mnt/d/GroundZero/simulation/install/simulation/share/simulation/models/rescue_drone
[0.451s] -- Up-to-date: /mnt/d/GroundZero/simulation/install/simulation/share/simulation/models/rescue_drone/model.config
[0.476s] -- Up-to-date: /mnt/d/GroundZero/simulation/install/simulation/share/simulation/models/rescue_drone/model.sdf
[0.494s] -- Up-to-date: /mnt/d/GroundZero/simulation/install/simulation/share/simulation/launch
[0.515s] -- Up-to-date: /mnt/d/GroundZero/simulation/install/simulation/share/simulation/launch/disaster_sim.launch.py
[0.530s] -- Up-to-date: /mnt/d/GroundZero/simulation/install/simulation/share/simulation/config
[0.552s] -- Up-to-date: /mnt/d/GroundZero/simulation/install/simulation/share/simulation/config/ros_gz_bridge.yaml
[0.586s] -- Up-to-date: /mnt/d/GroundZero/simulation/install/simulation/share/ament_index/resource_index/package_run_dependencies/simulation
[0.635s] -- Up-to-date: /mnt/d/GroundZero/simulation/install/simulation/share/ament_index/resource_index/parent_prefix_path/simulation
[0.656s] -- Up-to-date: /mnt/d/GroundZero/simulation/install/simulation/share/simulation/environment/ament_prefix_path.sh
[0.676s] -- Up-to-date: /mnt/d/GroundZero/simulation/install/simulation/share/simulation/environment/ament_prefix_path.dsv
[0.691s] -- Up-to-date: /mnt/d/GroundZero/simulation/install/simulation/share/simulation/environment/path.sh
[0.709s] -- Up-to-date: /mnt/d/GroundZero/simulation/install/simulation/share/simulation/environment/path.dsv
[0.724s] -- Up-to-date: /mnt/d/GroundZero/simulation/install/simulation/share/simulation/local_setup.bash
[0.739s] -- Up-to-date: /mnt/d/GroundZero/simulation/install/simulation/share/simulation/local_setup.sh
[0.753s] -- Up-to-date: /mnt/d/GroundZero/simulation/install/simulation/share/simulation/local_setup.zsh
[0.765s] -- Up-to-date: /mnt/d/GroundZero/simulation/install/simulation/share/simulation/local_setup.dsv
[0.776s] -- Installing: /mnt/d/GroundZero/simulation/install/simulation/share/simulation/package.dsv
[0.831s] -- Up-to-date: /mnt/d/GroundZero/simulation/install/simulation/share/ament_index/resource_index/packages/simulation
[0.844s] -- Up-to-date: /mnt/d/GroundZero/simulation/install/simulation/share/simulation/cmake/simulationConfig.cmake
[0.853s] -- Up-to-date: /mnt/d/GroundZero/simulation/install/simulation/share/simulation/cmake/simulationConfig-version.cmake
[0.863s] -- Up-to-date: /mnt/d/GroundZero/simulation/install/simulation/share/simulation/package.xml
[0.871s] Invoked command in '/mnt/d/GroundZero/simulation/build/simulation' returned '0': CMAKE_PREFIX_PATH=${CMAKE_PREFIX_PATH}:/opt/ros/jazzy /usr/bin/cmake --install /mnt/d/GroundZero/simulation/build/simulation
