-- Install configuration: ""
-- Up-to-date: /mnt/d/GroundZero/simulation/install/simulation/share/simulation/worlds
-- Installing: /mnt/d/GroundZero/simulation/install/simulation/share/simulation/worlds/disaster_night_world.sdf
-- Up-to-date: /mnt/d/GroundZero/simulation/install/simulation/share/simulation/worlds/materials
-- Up-to-date: /mnt/d/GroundZero/simulation/install/simulation/share/simulation/worlds/materials/textures
-- Up-to-date: /mnt/d/GroundZero/simulation/install/simulation/share/simulation/worlds/materials/textures/bark_diffuse.png
-- Up-to-date: /mnt/d/GroundZero/simulation/install/simulation/share/simulation/worlds/materials/textures/bark_normal.png
-- Up-to-date: /mnt/d/GroundZero/simulation/install/simulation/share/simulation/worlds/materials/textures/leaves_diffuse.png
-- Up-to-date: /mnt/d/GroundZero/simulation/install/simulation/share/simulation/worlds/materials/textures/leaves_normal.png
-- Up-to-date: /mnt/d/GroundZero/simulation/install/simulation/share/simulation/worlds/materials/textures/survivor_prone.png
-- Up-to-date: /mnt/d/GroundZero/simulation/install/simulation/share/simulation/worlds/materials/textures/survivor_sitting.png
-- Up-to-date: /mnt/d/GroundZero/simulation/install/simulation/share/simulation/worlds/materials/textures/survivor_waving.png
-- Up-to-date: /mnt/d/GroundZero/simulation/install/simulation/share/simulation/worlds/materials/textures/water_diffuse.png
-- Up-to-date: /mnt/d/GroundZero/simulation/install/simulation/share/simulation/worlds/materials/textures/water_normal.png
-- Up-to-date: /mnt/d/GroundZero/simulation/install/simulation/share/simulation/models
-- Up-to-date: /mnt/d/GroundZero/simulation/install/simulation/share/simulation/models/human_prone_injured
-- Up-to-date: /mnt/d/GroundZero/simulation/install/simulation/share/simulation/models/human_prone_injured/materials
-- Up-to-date: /mnt/d/GroundZero/simulation/install/simulation/share/simulation/models/human_prone_injured/materials/textures
-- Up-to-date: /mnt/d/GroundZero/simulation/install/simulation/share/simulation/models/human_prone_injured/materials/textures/survivor_prone.png
-- Up-to-date: /mnt/d/GroundZero/simulation/install/simulation/share/simulation/models/human_prone_injured/meshes
-- Up-to-date: /mnt/d/GroundZero/simulation/install/simulation/share/simulation/models/human_prone_injured/meshes/prone_injured.mtl
-- Up-to-date: /mnt/d/GroundZero/simulation/install/simulation/share/simulation/models/human_prone_injured/meshes/prone_injured.obj
-- Up-to-date: /mnt/d/GroundZero/simulation/install/simulation/share/simulation/models/human_prone_injured/model.config
-- Up-to-date: /mnt/d/GroundZero/simulation/install/simulation/share/simulation/models/human_prone_injured/model.sdf
-- Up-to-date: /mnt/d/GroundZero/simulation/install/simulation/share/simulation/models/human_sitting_clinging
-- Up-to-date: /mnt/d/GroundZero/simulation/install/simulation/share/simulation/models/human_sitting_clinging/materials
-- Up-to-date: /mnt/d/GroundZero/simulation/install/simulation/share/simulation/models/human_sitting_clinging/materials/textures
-- Up-to-date: /mnt/d/GroundZero/simulation/install/simulation/share/simulation/models/human_sitting_clinging/materials/textures/survivor_sitting.png
-- Up-to-date: /mnt/d/GroundZero/simulation/install/simulation/share/simulation/models/human_sitting_clinging/meshes
-- Up-to-date: /mnt/d/GroundZero/simulation/install/simulation/share/simulation/models/human_sitting_clinging/meshes/sitting_huddled.mtl
-- Up-to-date: /mnt/d/GroundZero/simulation/install/simulation/share/simulation/models/human_sitting_clinging/meshes/sitting_huddled.obj
-- Up-to-date: /mnt/d/GroundZero/simulation/install/simulation/share/simulation/models/human_sitting_clinging/model.config
-- Up-to-date: /mnt/d/GroundZero/simulation/install/simulation/share/simulation/models/human_sitting_clinging/model.sdf
-- Up-to-date: /mnt/d/GroundZero/simulation/install/simulation/share/simulation/models/human_standing_waving
-- Up-to-date: /mnt/d/GroundZero/simulation/install/simulation/share/simulation/models/human_standing_waving/materials
-- Up-to-date: /mnt/d/GroundZero/simulation/install/simulation/share/simulation/models/human_standing_waving/materials/textures
-- Up-to-date: /mnt/d/GroundZero/simulation/install/simulation/share/simulation/models/human_standing_waving/materials/textures/survivor_waving.png
-- Up-to-date: /mnt/d/GroundZero/simulation/install/simulation/share/simulation/models/human_standing_waving/meshes
-- Up-to-date: /mnt/d/GroundZero/simulation/install/simulation/share/simulation/models/human_standing_waving/meshes/standing_waving.mtl
-- Up-to-date: /mnt/d/GroundZero/simulation/install/simulation/share/simulation/models/human_standing_waving/meshes/standing_waving.obj
-- Up-to-date: /mnt/d/GroundZero/simulation/install/simulation/share/simulation/models/human_standing_waving/model.config
-- Up-to-date: /mnt/d/GroundZero/simulation/install/simulation/share/simulation/models/human_standing_waving/model.sdf
-- Up-to-date: /mnt/d/GroundZero/simulation/install/simulation/share/simulation/models/rescue_drone
-- Up-to-date: /mnt/d/GroundZero/simulation/install/simulation/share/simulation/models/rescue_drone/model.config
-- Up-to-date: /mnt/d/GroundZero/simulation/install/simulation/share/simulation/models/rescue_drone/model.sdf
-- Up-to-date: /mnt/d/GroundZero/simulation/install/simulation/share/simulation/launch
-- Up-to-date: /mnt/d/GroundZero/simulation/install/simulation/share/simulation/launch/disaster_sim.launch.py
-- Up-to-date: /mnt/d/GroundZero/simulation/install/simulation/share/simulation/config
-- Up-to-date: /mnt/d/GroundZero/simulation/install/simulation/share/simulation/config/ros_gz_bridge.yaml
-- Up-to-date: /mnt/d/GroundZero/simulation/install/simulation/share/simulation/media
-- Up-to-date: /mnt/d/GroundZero/simulation/install/simulation/share/simulation/media/materials
-- Up-to-date: /mnt/d/GroundZero/simulation/install/simulation/share/simulation/media/materials/scripts
-- Up-to-date: /mnt/d/GroundZero/simulation/install/simulation/share/simulation/media/materials/scripts/water.material
-- Up-to-date: /mnt/d/GroundZero/simulation/install/simulation/share/simulation/media/materials/textures
-- Up-to-date: /mnt/d/GroundZero/simulation/install/simulation/share/simulation/media/materials/textures/bark_diffuse.png
-- Up-to-date: /mnt/d/GroundZero/simulation/install/simulation/share/simulation/media/materials/textures/bark_normal.png
-- Up-to-date: /mnt/d/GroundZero/simulation/install/simulation/share/simulation/media/materials/textures/leaves_diffuse.png
-- Up-to-date: /mnt/d/GroundZero/simulation/install/simulation/share/simulation/media/materials/textures/leaves_normal.png
-- Up-to-date: /mnt/d/GroundZero/simulation/install/simulation/share/simulation/media/materials/textures/survivor_prone.png
-- Up-to-date: /mnt/d/GroundZero/simulation/install/simulation/share/simulation/media/materials/textures/survivor_sitting.png
-- Up-to-date: /mnt/d/GroundZero/simulation/install/simulation/share/simulation/media/materials/textures/survivor_waving.png
-- Up-to-date: /mnt/d/GroundZero/simulation/install/simulation/share/simulation/media/materials/textures/water_diffuse.png
-- Up-to-date: /mnt/d/GroundZero/simulation/install/simulation/share/simulation/media/materials/textures/water_normal.png
-- Up-to-date: /mnt/d/GroundZero/simulation/install/simulation/share/ament_index/resource_index/package_run_dependencies/simulation
-- Up-to-date: /mnt/d/GroundZero/simulation/install/simulation/share/ament_index/resource_index/parent_prefix_path/simulation
-- Up-to-date: /mnt/d/GroundZero/simulation/install/simulation/share/simulation/environment/ament_prefix_path.sh
-- Up-to-date: /mnt/d/GroundZero/simulation/install/simulation/share/simulation/environment/ament_prefix_path.dsv
-- Up-to-date: /mnt/d/GroundZero/simulation/install/simulation/share/simulation/environment/path.sh
-- Up-to-date: /mnt/d/GroundZero/simulation/install/simulation/share/simulation/environment/path.dsv
-- Up-to-date: /mnt/d/GroundZero/simulation/install/simulation/share/simulation/local_setup.bash
-- Up-to-date: /mnt/d/GroundZero/simulation/install/simulation/share/simulation/local_setup.sh
-- Up-to-date: /mnt/d/GroundZero/simulation/install/simulation/share/simulation/local_setup.zsh
-- Up-to-date: /mnt/d/GroundZero/simulation/install/simulation/share/simulation/local_setup.dsv
-- Installing: /mnt/d/GroundZero/simulation/install/simulation/share/simulation/package.dsv
-- Up-to-date: /mnt/d/GroundZero/simulation/install/simulation/share/ament_index/resource_index/packages/simulation
-- Up-to-date: /mnt/d/GroundZero/simulation/install/simulation/share/simulation/cmake/simulationConfig.cmake
-- Up-to-date: /mnt/d/GroundZero/simulation/install/simulation/share/simulation/cmake/simulationConfig-version.cmake
-- Up-to-date: /mnt/d/GroundZero/simulation/install/simulation/share/simulation/package.xml
