[0.121s] Invoking command in '/mnt/d/GroundZero/simulation/build/simulation': CMAKE_PREFIX_PATH=${CMAKE_PREFIX_PATH}:/opt/ros/jazzy /usr/bin/cmake --build /mnt/d/GroundZero/simulation/build/simulation -- -j12 -l12
[0.206s] Invoked command in '/mnt/d/GroundZero/simulation/build/simulation' returned '0': CMAKE_PREFIX_PATH=${CMAKE_PREFIX_PATH}:/opt/ros/jazzy /usr/bin/cmake --build /mnt/d/GroundZero/simulation/build/simulation -- -j12 -l12
[0.233s] Invoking command in '/mnt/d/GroundZero/simulation/build/simulation': CMAKE_PREFIX_PATH=${CMAKE_PREFIX_PATH}:/opt/ros/jazzy /usr/bin/cmake --install /mnt/d/GroundZero/simulation/build/simulation
[0.244s] -- Install configuration: ""
[0.253s] -- Up-to-date: /mnt/d/GroundZero/simulation/install/simulation/share/simulation/worlds
[0.274s] -- Installing: /mnt/d/GroundZero/simulation/install/simulation/share/simulation/worlds/disaster_night_world.sdf
[0.355s] -- Up-to-date: /mnt/d/GroundZero/simulation/install/simulation/share/simulation/worlds/materials
[0.383s] -- Up-to-date: /mnt/d/GroundZero/simulation/install/simulation/share/simulation/worlds/materials/textures
[0.423s] -- Up-to-date: /mnt/d/GroundZero/simulation/install/simulation/share/simulation/worlds/materials/textures/bark_diffuse.png
[0.448s] -- Up-to-date: /mnt/d/GroundZero/simulation/install/simulation/share/simulation/worlds/materials/textures/bark_normal.png
[0.474s] -- Up-to-date: /mnt/d/GroundZero/simulation/install/simulation/share/simulation/worlds/materials/textures/leaves_diffuse.png
[0.496s] -- Up-to-date: /mnt/d/GroundZero/simulation/install/simulation/share/simulation/worlds/materials/textures/leaves_normal.png
[0.521s] -- Up-to-date: /mnt/d/GroundZero/simulation/install/simulation/share/simulation/worlds/materials/textures/survivor_prone.png
[0.545s] -- Up-to-date: /mnt/d/GroundZero/simulation/install/simulation/share/simulation/worlds/materials/textures/survivor_sitting.png
[0.568s] -- Up-to-date: /mnt/d/GroundZero/simulation/install/simulation/share/simulation/worlds/materials/textures/survivor_waving.png
[0.592s] -- Up-to-date: /mnt/d/GroundZero/simulation/install/simulation/share/simulation/worlds/materials/textures/water_diffuse.png
[0.615s] -- Up-to-date: /mnt/d/GroundZero/simulation/install/simulation/share/simulation/worlds/materials/textures/water_normal.png
[0.631s] -- Up-to-date: /mnt/d/GroundZero/simulation/install/simulation/share/simulation/models
[0.652s] -- Up-to-date: /mnt/d/GroundZero/simulation/install/simulation/share/simulation/models/human_prone_injured
[0.677s] -- Up-to-date: /mnt/d/GroundZero/simulation/install/simulation/share/simulation/models/human_prone_injured/materials
[0.706s] -- Up-to-date: /mnt/d/GroundZero/simulation/install/simulation/share/simulation/models/human_prone_injured/materials/textures
[0.738s] -- Up-to-date: /mnt/d/GroundZero/simulation/install/simulation/share/simulation/models/human_prone_injured/materials/textures/survivor_prone.png
[0.758s] -- Up-to-date: /mnt/d/GroundZero/simulation/install/simulation/share/simulation/models/human_prone_injured/meshes
[0.786s] -- Up-to-date: /mnt/d/GroundZero/simulation/install/simulation/share/simulation/models/human_prone_injured/meshes/prone_injured.mtl
[0.806s] -- Up-to-date: /mnt/d/GroundZero/simulation/install/simulation/share/simulation/models/human_prone_injured/meshes/prone_injured.obj
[0.822s] -- Up-to-date: /mnt/d/GroundZero/simulation/install/simulation/share/simulation/models/human_prone_injured/model.config
[0.834s] -- Up-to-date: /mnt/d/GroundZero/simulation/install/simulation/share/simulation/models/human_prone_injured/model.sdf
[0.844s] -- Up-to-date: /mnt/d/GroundZero/simulation/install/simulation/share/simulation/models/human_sitting_clinging
[0.861s] -- Up-to-date: /mnt/d/GroundZero/simulation/install/simulation/share/simulation/models/human_sitting_clinging/materials
[0.879s] -- Up-to-date: /mnt/d/GroundZero/simulation/install/simulation/share/simulation/models/human_sitting_clinging/materials/textures
[0.899s] -- Up-to-date: /mnt/d/GroundZero/simulation/install/simulation/share/simulation/models/human_sitting_clinging/materials/textures/survivor_sitting.png
[0.916s] -- Up-to-date: /mnt/d/GroundZero/simulation/install/simulation/share/simulation/models/human_sitting_clinging/meshes
[0.943s] -- Up-to-date: /mnt/d/GroundZero/simulation/install/simulation/share/simulation/models/human_sitting_clinging/meshes/sitting_huddled.mtl
[0.963s] -- Up-to-date: /mnt/d/GroundZero/simulation/install/simulation/share/simulation/models/human_sitting_clinging/meshes/sitting_huddled.obj
[0.981s] -- Up-to-date: /mnt/d/GroundZero/simulation/install/simulation/share/simulation/models/human_sitting_clinging/model.config
[0.999s] -- Up-to-date: /mnt/d/GroundZero/simulation/install/simulation/share/simulation/models/human_sitting_clinging/model.sdf
[1.014s] -- Up-to-date: /mnt/d/GroundZero/simulation/install/simulation/share/simulation/models/human_standing_waving
[1.037s] -- Up-to-date: /mnt/d/GroundZero/simulation/install/simulation/share/simulation/models/human_standing_waving/materials
[1.066s] -- Up-to-date: /mnt/d/GroundZero/simulation/install/simulation/share/simulation/models/human_standing_waving/materials/textures
[1.088s] -- Up-to-date: /mnt/d/GroundZero/simulation/install/simulation/share/simulation/models/human_standing_waving/materials/textures/survivor_waving.png
[1.100s] -- Up-to-date: /mnt/d/GroundZero/simulation/install/simulation/share/simulation/models/human_standing_waving/meshes
[1.119s] -- Up-to-date: /mnt/d/GroundZero/simulation/install/simulation/share/simulation/models/human_standing_waving/meshes/standing_waving.mtl
[1.135s] -- Up-to-date: /mnt/d/GroundZero/simulation/install/simulation/share/simulation/models/human_standing_waving/meshes/standing_waving.obj
[1.147s] -- Up-to-date: /mnt/d/GroundZero/simulation/install/simulation/share/simulation/models/human_standing_waving/model.config
[1.159s] -- Up-to-date: /mnt/d/GroundZero/simulation/install/simulation/share/simulation/models/human_standing_waving/model.sdf
[1.170s] -- Up-to-date: /mnt/d/GroundZero/simulation/install/simulation/share/simulation/models/rescue_drone
[1.186s] -- Up-to-date: /mnt/d/GroundZero/simulation/install/simulation/share/simulation/models/rescue_drone/model.config
[1.199s] -- Up-to-date: /mnt/d/GroundZero/simulation/install/simulation/share/simulation/models/rescue_drone/model.sdf
[1.208s] -- Up-to-date: /mnt/d/GroundZero/simulation/install/simulation/share/simulation/launch
[1.222s] -- Up-to-date: /mnt/d/GroundZero/simulation/install/simulation/share/simulation/launch/disaster_sim.launch.py
[1.232s] -- Up-to-date: /mnt/d/GroundZero/simulation/install/simulation/share/simulation/config
[1.247s] -- Up-to-date: /mnt/d/GroundZero/simulation/install/simulation/share/simulation/config/ros_gz_bridge.yaml
[1.256s] -- Up-to-date: /mnt/d/GroundZero/simulation/install/simulation/share/simulation/media
[1.276s] -- Up-to-date: /mnt/d/GroundZero/simulation/install/simulation/share/simulation/media/materials
[1.300s] -- Up-to-date: /mnt/d/GroundZero/simulation/install/simulation/share/simulation/media/materials/scripts
[1.328s] -- Up-to-date: /mnt/d/GroundZero/simulation/install/simulation/share/simulation/media/materials/scripts/water.material
[1.347s] -- Up-to-date: /mnt/d/GroundZero/simulation/install/simulation/share/simulation/media/materials/textures
[1.375s] -- Up-to-date: /mnt/d/GroundZero/simulation/install/simulation/share/simulation/media/materials/textures/bark_diffuse.png
[1.395s] -- Up-to-date: /mnt/d/GroundZero/simulation/install/simulation/share/simulation/media/materials/textures/bark_normal.png
[1.414s] -- Up-to-date: /mnt/d/GroundZero/simulation/install/simulation/share/simulation/media/materials/textures/leaves_diffuse.png
[1.431s] -- Up-to-date: /mnt/d/GroundZero/simulation/install/simulation/share/simulation/media/materials/textures/leaves_normal.png
[1.451s] -- Up-to-date: /mnt/d/GroundZero/simulation/install/simulation/share/simulation/media/materials/textures/survivor_prone.png
[1.466s] -- Up-to-date: /mnt/d/GroundZero/simulation/install/simulation/share/simulation/media/materials/textures/survivor_sitting.png
[1.480s] -- Up-to-date: /mnt/d/GroundZero/simulation/install/simulation/share/simulation/media/materials/textures/survivor_waving.png
[1.494s] -- Up-to-date: /mnt/d/GroundZero/simulation/install/simulation/share/simulation/media/materials/textures/water_diffuse.png
[1.509s] -- Up-to-date: /mnt/d/GroundZero/simulation/install/simulation/share/simulation/media/materials/textures/water_normal.png
[1.532s] -- Up-to-date: /mnt/d/GroundZero/simulation/install/simulation/share/ament_index/resource_index/package_run_dependencies/simulation
[1.551s] -- Up-to-date: /mnt/d/GroundZero/simulation/install/simulation/share/ament_index/resource_index/parent_prefix_path/simulation
[1.564s] -- Up-to-date: /mnt/d/GroundZero/simulation/install/simulation/share/simulation/environment/ament_prefix_path.sh
[1.578s] -- Up-to-date: /mnt/d/GroundZero/simulation/install/simulation/share/simulation/environment/ament_prefix_path.dsv
[1.587s] -- Up-to-date: /mnt/d/GroundZero/simulation/install/simulation/share/simulation/environment/path.sh
[1.600s] -- Up-to-date: /mnt/d/GroundZero/simulation/install/simulation/share/simulation/environment/path.dsv
[1.622s] -- Up-to-date: /mnt/d/GroundZero/simulation/install/simulation/share/simulation/local_setup.bash
[1.639s] -- Up-to-date: /mnt/d/GroundZero/simulation/install/simulation/share/simulation/local_setup.sh
[1.657s] -- Up-to-date: /mnt/d/GroundZero/simulation/install/simulation/share/simulation/local_setup.zsh
[1.677s] -- Up-to-date: /mnt/d/GroundZero/simulation/install/simulation/share/simulation/local_setup.dsv
[1.697s] -- Installing: /mnt/d/GroundZero/simulation/install/simulation/share/simulation/package.dsv
[1.766s] -- Up-to-date: /mnt/d/GroundZero/simulation/install/simulation/share/ament_index/resource_index/packages/simulation
[1.789s] -- Up-to-date: /mnt/d/GroundZero/simulation/install/simulation/share/simulation/cmake/simulationConfig.cmake
[1.807s] -- Up-to-date: /mnt/d/GroundZero/simulation/install/simulation/share/simulation/cmake/simulationConfig-version.cmake
[1.828s] -- Up-to-date: /mnt/d/GroundZero/simulation/install/simulation/share/simulation/package.xml
[1.841s] Invoked command in '/mnt/d/GroundZero/simulation/build/simulation' returned '0': CMAKE_PREFIX_PATH=${CMAKE_PREFIX_PATH}:/opt/ros/jazzy /usr/bin/cmake --install /mnt/d/GroundZero/simulation/build/simulation
