[0.311s] DEBUG:colcon:Command line arguments: ['/usr/bin/colcon', 'build', '--packages-select', 'simulation']
[0.312s] DEBUG:colcon:Parsed command line arguments: Namespace(log_base=None, log_level=None, verb_name='build', build_base='build', install_base='install', merge_install=False, symlink_install=False, test_result_base=None, continue_on_error=False, executor='parallel', parallel_workers=12, event_handlers=None, ignore_user_meta=False, metas=['./colcon.meta'], base_paths=['.'], packages_ignore=None, packages_ignore_regex=None, paths=None, packages_up_to=None, packages_up_to_regex=None, packages_above=None, packages_above_and_dependencies=None, packages_above_depth=None, packages_select_by_dep=None, packages_skip_by_dep=None, packages_skip_up_to=None, packages_select_build_failed=False, packages_skip_build_finished=False, packages_select_test_failures=False, packages_skip_test_passed=False, packages_select=['simulation'], packages_skip=None, packages_select_regex=None, packages_skip_regex=None, packages_start=None, packages_end=None, cmake_args=None, cmake_target=None, cmake_target_skip_unavailable=False, cmake_clean_cache=False, cmake_clean_first=False, cmake_force_configure=False, ament_cmake_args=None, catkin_cmake_args=None, catkin_skip_building_tests=False, verb_parser=<colcon_defaults.argument_parser.defaults.DefaultArgumentsDecorator object at 0x7dd99a8fa420>, verb_extension=<colcon_core.verb.build.BuildVerb object at 0x7dd99a8fa090>, main=<bound method BuildVerb.main of <colcon_core.verb.build.BuildVerb object at 0x7dd99a8fa090>>)
[0.388s] Level 1:colcon.colcon_core.package_discovery:discover_packages(colcon_meta) check parameters
[0.390s] Level 1:colcon.colcon_core.package_discovery:discover_packages(recursive) check parameters
[0.392s] Level 1:colcon.colcon_core.package_discovery:discover_packages(ignore) check parameters
[0.394s] Level 1:colcon.colcon_core.package_discovery:discover_packages(path) check parameters
[0.396s] Level 1:colcon.colcon_core.package_discovery:discover_packages(colcon_meta) discover
[0.398s] Level 1:colcon.colcon_core.package_discovery:discover_packages(recursive) discover
[0.399s] INFO:colcon.colcon_core.package_discovery:Crawling recursively for packages in '/mnt/d/GroundZero/simulation'
[0.404s] Level 1:colcon.colcon_core.package_identification:_identify(.) by extensions ['ignore', 'ignore_ament_install']
[0.405s] Level 1:colcon.colcon_core.package_identification:_identify(.) by extension 'ignore'
[0.406s] Level 1:colcon.colcon_core.package_identification:_identify(.) by extension 'ignore_ament_install'
[0.408s] Level 1:colcon.colcon_core.package_identification:_identify(.) by extensions ['colcon_pkg']
[0.410s] Level 1:colcon.colcon_core.package_identification:_identify(.) by extension 'colcon_pkg'
[0.412s] Level 1:colcon.colcon_core.package_identification:_identify(.) by extensions ['colcon_meta']
[0.413s] Level 1:colcon.colcon_core.package_identification:_identify(.) by extension 'colcon_meta'
[0.415s] Level 1:colcon.colcon_core.package_identification:_identify(.) by extensions ['ros']
[0.416s] Level 1:colcon.colcon_core.package_identification:_identify(.) by extension 'ros'
[0.463s] DEBUG:colcon.colcon_core.package_identification:Package '.' with type 'ros.ament_cmake' and name 'simulation'
[0.465s] Level 1:colcon.colcon_core.package_discovery:discover_packages(recursive) using defaults
[0.465s] Level 1:colcon.colcon_core.package_discovery:discover_packages(ignore) discover
[0.466s] Level 1:colcon.colcon_core.package_discovery:discover_packages(ignore) using defaults
[0.467s] Level 1:colcon.colcon_core.package_discovery:discover_packages(path) discover
[0.468s] Level 1:colcon.colcon_core.package_discovery:discover_packages(path) using defaults
[0.495s] Level 5:colcon.colcon_core.verb:set package 'simulation' build argument 'cmake_args' from command line to 'None'
[0.497s] Level 5:colcon.colcon_core.verb:set package 'simulation' build argument 'cmake_target' from command line to 'None'
[0.499s] Level 5:colcon.colcon_core.verb:set package 'simulation' build argument 'cmake_target_skip_unavailable' from command line to 'False'
[0.500s] Level 5:colcon.colcon_core.verb:set package 'simulation' build argument 'cmake_clean_cache' from command line to 'False'
[0.502s] Level 5:colcon.colcon_core.verb:set package 'simulation' build argument 'cmake_clean_first' from command line to 'False'
[0.503s] Level 5:colcon.colcon_core.verb:set package 'simulation' build argument 'cmake_force_configure' from command line to 'False'
[0.504s] Level 5:colcon.colcon_core.verb:set package 'simulation' build argument 'ament_cmake_args' from command line to 'None'
[0.505s] Level 5:colcon.colcon_core.verb:set package 'simulation' build argument 'catkin_cmake_args' from command line to 'None'
[0.506s] Level 5:colcon.colcon_core.verb:set package 'simulation' build argument 'catkin_skip_building_tests' from command line to 'False'
[0.507s] DEBUG:colcon.colcon_core.verb:Building package 'simulation' with the following arguments: {'ament_cmake_args': None, 'build_base': '/mnt/d/GroundZero/simulation/build/simulation', 'catkin_cmake_args': None, 'catkin_skip_building_tests': False, 'cmake_args': None, 'cmake_clean_cache': False, 'cmake_clean_first': False, 'cmake_force_configure': False, 'cmake_target': None, 'cmake_target_skip_unavailable': False, 'install_base': '/mnt/d/GroundZero/simulation/install/simulation', 'merge_install': False, 'path': '/mnt/d/GroundZero/simulation', 'symlink_install': False, 'test_result_base': None}
[0.508s] INFO:colcon.colcon_core.executor:Executing jobs using 'parallel' executor
[0.510s] DEBUG:colcon.colcon_parallel_executor.executor.parallel:run_until_complete
[0.512s] INFO:colcon.colcon_ros.task.ament_cmake.build:Building ROS package in '/mnt/d/GroundZero/simulation' with build type 'ament_cmake'
[0.513s] INFO:colcon.colcon_cmake.task.cmake.build:Building CMake package in '/mnt/d/GroundZero/simulation'
[0.519s] INFO:colcon.colcon_core.plugin_system:Skipping extension 'colcon_core.shell.bat': Not used on non-Windows systems
[0.521s] DEBUG:colcon.colcon_core.shell:Skip shell extension 'dsv' for command environment
[0.605s] DEBUG:colcon.colcon_core.event_handler.log_command:Invoking command in '/mnt/d/GroundZero/simulation/build/simulation': CMAKE_PREFIX_PATH=${CMAKE_PREFIX_PATH}:/opt/ros/jazzy /usr/bin/cmake /mnt/d/GroundZero/simulation -DCMAKE_INSTALL_PREFIX=/mnt/d/GroundZero/simulation/install/simulation
[5.311s] DEBUG:colcon.colcon_core.event_handler.log_command:Invoked command in '/mnt/d/GroundZero/simulation/build/simulation' returned '0': CMAKE_PREFIX_PATH=${CMAKE_PREFIX_PATH}:/opt/ros/jazzy /usr/bin/cmake /mnt/d/GroundZero/simulation -DCMAKE_INSTALL_PREFIX=/mnt/d/GroundZero/simulation/install/simulation
[5.322s] DEBUG:colcon.colcon_core.event_handler.log_command:Invoking command in '/mnt/d/GroundZero/simulation/build/simulation': CMAKE_PREFIX_PATH=${CMAKE_PREFIX_PATH}:/opt/ros/jazzy /usr/bin/cmake --build /mnt/d/GroundZero/simulation/build/simulation -- -j12 -l12
[5.431s] DEBUG:colcon.colcon_core.event_handler.log_command:Invoked command in '/mnt/d/GroundZero/simulation/build/simulation' returned '0': CMAKE_PREFIX_PATH=${CMAKE_PREFIX_PATH}:/opt/ros/jazzy /usr/bin/cmake --build /mnt/d/GroundZero/simulation/build/simulation -- -j12 -l12
[5.459s] DEBUG:colcon.colcon_core.event_handler.log_command:Invoking command in '/mnt/d/GroundZero/simulation/build/simulation': CMAKE_PREFIX_PATH=${CMAKE_PREFIX_PATH}:/opt/ros/jazzy /usr/bin/cmake --install /mnt/d/GroundZero/simulation/build/simulation
[6.961s] Level 1:colcon.colcon_core.environment:create_environment_scripts_only(simulation)
[6.964s] DEBUG:colcon.colcon_core.event_handler.log_command:Invoked command in '/mnt/d/GroundZero/simulation/build/simulation' returned '0': CMAKE_PREFIX_PATH=${CMAKE_PREFIX_PATH}:/opt/ros/jazzy /usr/bin/cmake --install /mnt/d/GroundZero/simulation/build/simulation
[6.970s] Level 1:colcon.colcon_core.environment:checking '/mnt/d/GroundZero/simulation/install/simulation' for CMake module files
[7.038s] Level 1:colcon.colcon_core.environment:checking '/mnt/d/GroundZero/simulation/install/simulation' for CMake config files
[7.082s] Level 1:colcon.colcon_core.shell:create_environment_hook('simulation', 'cmake_prefix_path')
[7.083s] INFO:colcon.colcon_core.shell:Creating environment descriptor '/mnt/d/GroundZero/simulation/install/simulation/share/simulation/hook/cmake_prefix_path.dsv'
[7.096s] INFO:colcon.colcon_core.shell:Creating environment hook '/mnt/d/GroundZero/simulation/install/simulation/share/simulation/hook/cmake_prefix_path.sh'
[7.109s] Level 1:colcon.colcon_core.environment:checking '/mnt/d/GroundZero/simulation/install/simulation/bin'
[7.111s] Level 1:colcon.colcon_core.environment:checking '/mnt/d/GroundZero/simulation/install/simulation/lib/pkgconfig/simulation.pc'
[7.114s] Level 1:colcon.colcon_core.environment:checking '/mnt/d/GroundZero/simulation/install/simulation/lib/python3.12/site-packages'
[7.117s] Level 1:colcon.colcon_core.environment:checking '/mnt/d/GroundZero/simulation/install/simulation/bin'
[7.119s] INFO:colcon.colcon_core.shell:Creating package descriptor '/mnt/d/GroundZero/simulation/install/simulation/share/simulation/package.dsv'
[7.131s] INFO:colcon.colcon_core.shell:Creating package script '/mnt/d/GroundZero/simulation/install/simulation/share/simulation/package.sh'
[7.141s] INFO:colcon.colcon_core.shell:Creating package script '/mnt/d/GroundZero/simulation/install/simulation/share/simulation/package.bash'
[7.152s] INFO:colcon.colcon_core.shell:Creating package script '/mnt/d/GroundZero/simulation/install/simulation/share/simulation/package.zsh'
[7.164s] Level 1:colcon.colcon_core.environment:create_file_with_runtime_dependencies(/mnt/d/GroundZero/simulation/install/simulation/share/colcon-core/packages/simulation)
[7.186s] Level 1:colcon.colcon_core.environment:create_environment_scripts_only(simulation)
[7.187s] Level 1:colcon.colcon_core.environment:checking '/mnt/d/GroundZero/simulation/install/simulation' for CMake module files
[7.245s] Level 1:colcon.colcon_core.environment:checking '/mnt/d/GroundZero/simulation/install/simulation' for CMake config files
[7.295s] Level 1:colcon.colcon_core.shell:create_environment_hook('simulation', 'cmake_prefix_path')
[7.296s] INFO:colcon.colcon_core.shell:Creating environment descriptor '/mnt/d/GroundZero/simulation/install/simulation/share/simulation/hook/cmake_prefix_path.dsv'
[7.307s] INFO:colcon.colcon_core.shell:Creating environment hook '/mnt/d/GroundZero/simulation/install/simulation/share/simulation/hook/cmake_prefix_path.sh'
[7.321s] Level 1:colcon.colcon_core.environment:checking '/mnt/d/GroundZero/simulation/install/simulation/bin'
[7.323s] Level 1:colcon.colcon_core.environment:checking '/mnt/d/GroundZero/simulation/install/simulation/lib/pkgconfig/simulation.pc'
[7.324s] Level 1:colcon.colcon_core.environment:checking '/mnt/d/GroundZero/simulation/install/simulation/lib/python3.12/site-packages'
[7.326s] Level 1:colcon.colcon_core.environment:checking '/mnt/d/GroundZero/simulation/install/simulation/bin'
[7.329s] INFO:colcon.colcon_core.shell:Creating package descriptor '/mnt/d/GroundZero/simulation/install/simulation/share/simulation/package.dsv'
[7.339s] INFO:colcon.colcon_core.shell:Creating package script '/mnt/d/GroundZero/simulation/install/simulation/share/simulation/package.sh'
[7.349s] INFO:colcon.colcon_core.shell:Creating package script '/mnt/d/GroundZero/simulation/install/simulation/share/simulation/package.bash'
[7.358s] INFO:colcon.colcon_core.shell:Creating package script '/mnt/d/GroundZero/simulation/install/simulation/share/simulation/package.zsh'
[7.367s] Level 1:colcon.colcon_core.environment:create_file_with_runtime_dependencies(/mnt/d/GroundZero/simulation/install/simulation/share/colcon-core/packages/simulation)
[7.374s] DEBUG:colcon.colcon_parallel_executor.executor.parallel:closing loop
[7.374s] DEBUG:colcon.colcon_parallel_executor.executor.parallel:loop closed
[7.375s] DEBUG:colcon.colcon_parallel_executor.executor.parallel:run_until_complete finished with '0'
[7.376s] DEBUG:colcon.colcon_core.event_reactor:joining thread
[7.433s] INFO:colcon.colcon_core.plugin_system:Skipping extension 'colcon_notification.desktop_notification.notify_send': Could not find 'notify-send'
[7.434s] INFO:colcon.colcon_core.plugin_system:Skipping extension 'colcon_notification.desktop_notification.terminal_notifier': Not used on non-Darwin systems
[7.435s] INFO:colcon.colcon_core.plugin_system:Skipping extension 'colcon_notification.desktop_notification.win32': Not used on non-Windows systems
[7.436s] INFO:colcon.colcon_notification.desktop_notification:Sending desktop notification using 'notify2'
[7.459s] DEBUG:colcon.colcon_notification.desktop_notification.notify2:Failed to initialize notify2: org.freedesktop.DBus.Error.ServiceUnknown: The name org.freedesktop.Notifications was not provided by any .service files
[7.461s] DEBUG:colcon.colcon_core.event_reactor:joined thread
[7.462s] INFO:colcon.colcon_core.shell:Creating prefix script '/mnt/d/GroundZero/simulation/install/local_setup.sh'
[7.470s] INFO:colcon.colcon_core.shell:Creating prefix util module '/mnt/d/GroundZero/simulation/install/_local_setup_util_sh.py'
[7.478s] INFO:colcon.colcon_core.shell:Creating prefix chain script '/mnt/d/GroundZero/simulation/install/setup.sh'
[7.485s] INFO:colcon.colcon_core.shell:Creating prefix script '/mnt/d/GroundZero/simulation/install/local_setup.bash'
[7.491s] INFO:colcon.colcon_core.shell:Creating prefix chain script '/mnt/d/GroundZero/simulation/install/setup.bash'
[7.496s] INFO:colcon.colcon_core.shell:Creating prefix script '/mnt/d/GroundZero/simulation/install/local_setup.zsh'
[7.503s] INFO:colcon.colcon_core.shell:Creating prefix chain script '/mnt/d/GroundZero/simulation/install/setup.zsh'
