[0.121s] DEBUG:colcon:Command line arguments: ['/usr/bin/colcon', 'build', '--packages-select', 'simulation']
[0.122s] DEBUG:colcon:Parsed command line arguments: Namespace(log_base=None, log_level=None, verb_name='build', build_base='build', install_base='install', merge_install=False, symlink_install=False, test_result_base=None, continue_on_error=False, executor='parallel', parallel_workers=12, event_handlers=None, ignore_user_meta=False, metas=['./colcon.meta'], base_paths=['.'], packages_ignore=None, packages_ignore_regex=None, paths=None, packages_up_to=None, packages_up_to_regex=None, packages_above=None, packages_above_and_dependencies=None, packages_above_depth=None, packages_select_by_dep=None, packages_skip_by_dep=None, packages_skip_up_to=None, packages_select_build_failed=False, packages_skip_build_finished=False, packages_select_test_failures=False, packages_skip_test_passed=False, packages_select=['simulation'], packages_skip=None, packages_select_regex=None, packages_skip_regex=None, packages_start=None, packages_end=None, cmake_args=None, cmake_target=None, cmake_target_skip_unavailable=False, cmake_clean_cache=False, cmake_clean_first=False, cmake_force_configure=False, ament_cmake_args=None, catkin_cmake_args=None, catkin_skip_building_tests=False, verb_parser=<colcon_defaults.argument_parser.defaults.DefaultArgumentsDecorator object at 0x71373a401fa0>, verb_extension=<colcon_core.verb.build.BuildVerb object at 0x71373a401970>, main=<bound method BuildVerb.main of <colcon_core.verb.build.BuildVerb object at 0x71373a401970>>)
[0.159s] Level 1:colcon.colcon_core.package_discovery:discover_packages(colcon_meta) check parameters
[0.162s] Level 1:colcon.colcon_core.package_discovery:discover_packages(recursive) check parameters
[0.164s] Level 1:colcon.colcon_core.package_discovery:discover_packages(ignore) check parameters
[0.165s] Level 1:colcon.colcon_core.package_discovery:discover_packages(path) check parameters
[0.166s] Level 1:colcon.colcon_core.package_discovery:discover_packages(colcon_meta) discover
[0.169s] Level 1:colcon.colcon_core.package_discovery:discover_packages(recursive) discover
[0.170s] INFO:colcon.colcon_core.package_discovery:Crawling recursively for packages in '/mnt/d/GroundZero/simulation'
[0.172s] Level 1:colcon.colcon_core.package_identification:_identify(.) by extensions ['ignore', 'ignore_ament_install']
[0.173s] Level 1:colcon.colcon_core.package_identification:_identify(.) by extension 'ignore'
[0.174s] Level 1:colcon.colcon_core.package_identification:_identify(.) by extension 'ignore_ament_install'
[0.174s] Level 1:colcon.colcon_core.package_identification:_identify(.) by extensions ['colcon_pkg']
[0.175s] Level 1:colcon.colcon_core.package_identification:_identify(.) by extension 'colcon_pkg'
[0.176s] Level 1:colcon.colcon_core.package_identification:_identify(.) by extensions ['colcon_meta']
[0.178s] Level 1:colcon.colcon_core.package_identification:_identify(.) by extension 'colcon_meta'
[0.179s] Level 1:colcon.colcon_core.package_identification:_identify(.) by extensions ['ros']
[0.180s] Level 1:colcon.colcon_core.package_identification:_identify(.) by extension 'ros'
[0.219s] DEBUG:colcon.colcon_core.package_identification:Package '.' with type 'ros.ament_cmake' and name 'simulation'
[0.221s] Level 1:colcon.colcon_core.package_discovery:discover_packages(recursive) using defaults
[0.224s] Level 1:colcon.colcon_core.package_discovery:discover_packages(ignore) discover
[0.226s] Level 1:colcon.colcon_core.package_discovery:discover_packages(ignore) using defaults
[0.227s] Level 1:colcon.colcon_core.package_discovery:discover_packages(path) discover
[0.229s] Level 1:colcon.colcon_core.package_discovery:discover_packages(path) using defaults
[0.243s] Level 5:colcon.colcon_core.verb:set package 'simulation' build argument 'cmake_args' from command line to 'None'
[0.244s] Level 5:colcon.colcon_core.verb:set package 'simulation' build argument 'cmake_target' from command line to 'None'
[0.246s] Level 5:colcon.colcon_core.verb:set package 'simulation' build argument 'cmake_target_skip_unavailable' from command line to 'False'
[0.247s] Level 5:colcon.colcon_core.verb:set package 'simulation' build argument 'cmake_clean_cache' from command line to 'False'
[0.248s] Level 5:colcon.colcon_core.verb:set package 'simulation' build argument 'cmake_clean_first' from command line to 'False'
[0.250s] Level 5:colcon.colcon_core.verb:set package 'simulation' build argument 'cmake_force_configure' from command line to 'False'
[0.251s] Level 5:colcon.colcon_core.verb:set package 'simulation' build argument 'ament_cmake_args' from command line to 'None'
[0.252s] Level 5:colcon.colcon_core.verb:set package 'simulation' build argument 'catkin_cmake_args' from command line to 'None'
[0.254s] Level 5:colcon.colcon_core.verb:set package 'simulation' build argument 'catkin_skip_building_tests' from command line to 'False'
[0.255s] DEBUG:colcon.colcon_core.verb:Building package 'simulation' with the following arguments: {'ament_cmake_args': None, 'build_base': '/mnt/d/GroundZero/simulation/build/simulation', 'catkin_cmake_args': None, 'catkin_skip_building_tests': False, 'cmake_args': None, 'cmake_clean_cache': False, 'cmake_clean_first': False, 'cmake_force_configure': False, 'cmake_target': None, 'cmake_target_skip_unavailable': False, 'install_base': '/mnt/d/GroundZero/simulation/install/simulation', 'merge_install': False, 'path': '/mnt/d/GroundZero/simulation', 'symlink_install': False, 'test_result_base': None}
[0.256s] INFO:colcon.colcon_core.executor:Executing jobs using 'parallel' executor
[0.258s] DEBUG:colcon.colcon_parallel_executor.executor.parallel:run_until_complete
[0.261s] INFO:colcon.colcon_ros.task.ament_cmake.build:Building ROS package in '/mnt/d/GroundZero/simulation' with build type 'ament_cmake'
[0.262s] INFO:colcon.colcon_cmake.task.cmake.build:Building CMake package in '/mnt/d/GroundZero/simulation'
[0.265s] INFO:colcon.colcon_core.plugin_system:Skipping extension 'colcon_core.shell.bat': Not used on non-Windows systems
[0.266s] DEBUG:colcon.colcon_core.shell:Skip shell extension 'dsv' for command environment
[0.344s] DEBUG:colcon.colcon_core.event_handler.log_command:Invoking command in '/mnt/d/GroundZero/simulation/build/simulation': CMAKE_PREFIX_PATH=${CMAKE_PREFIX_PATH}:/opt/ros/jazzy /usr/bin/cmake --build /mnt/d/GroundZero/simulation/build/simulation -- -j12 -l12
[1.288s] DEBUG:colcon.colcon_core.event_handler.log_command:Invoked command in '/mnt/d/GroundZero/simulation/build/simulation' returned '0': CMAKE_PREFIX_PATH=${CMAKE_PREFIX_PATH}:/opt/ros/jazzy /usr/bin/cmake --build /mnt/d/GroundZero/simulation/build/simulation -- -j12 -l12
[1.316s] DEBUG:colcon.colcon_core.event_handler.log_command:Invoking command in '/mnt/d/GroundZero/simulation/build/simulation': CMAKE_PREFIX_PATH=${CMAKE_PREFIX_PATH}:/opt/ros/jazzy /usr/bin/cmake --install /mnt/d/GroundZero/simulation/build/simulation
[2.250s] Level 1:colcon.colcon_core.environment:create_environment_scripts_only(simulation)
[2.252s] Level 1:colcon.colcon_core.environment:checking '/mnt/d/GroundZero/simulation/install/simulation' for CMake module files
[2.253s] DEBUG:colcon.colcon_core.event_handler.log_command:Invoked command in '/mnt/d/GroundZero/simulation/build/simulation' returned '0': CMAKE_PREFIX_PATH=${CMAKE_PREFIX_PATH}:/opt/ros/jazzy /usr/bin/cmake --install /mnt/d/GroundZero/simulation/build/simulation
[2.305s] Level 1:colcon.colcon_core.environment:checking '/mnt/d/GroundZero/simulation/install/simulation' for CMake config files
[2.349s] Level 1:colcon.colcon_core.shell:create_environment_hook('simulation', 'cmake_prefix_path')
[2.351s] INFO:colcon.colcon_core.shell:Creating environment descriptor '/mnt/d/GroundZero/simulation/install/simulation/share/simulation/hook/cmake_prefix_path.dsv'
[2.365s] INFO:colcon.colcon_core.shell:Creating environment hook '/mnt/d/GroundZero/simulation/install/simulation/share/simulation/hook/cmake_prefix_path.sh'
[2.384s] Level 1:colcon.colcon_core.environment:checking '/mnt/d/GroundZero/simulation/install/simulation/bin'
[2.386s] Level 1:colcon.colcon_core.environment:checking '/mnt/d/GroundZero/simulation/install/simulation/lib/pkgconfig/simulation.pc'
[2.390s] Level 1:colcon.colcon_core.environment:checking '/mnt/d/GroundZero/simulation/install/simulation/lib/python3.12/site-packages'
[2.392s] Level 1:colcon.colcon_core.environment:checking '/mnt/d/GroundZero/simulation/install/simulation/bin'
[2.395s] INFO:colcon.colcon_core.shell:Creating package descriptor '/mnt/d/GroundZero/simulation/install/simulation/share/simulation/package.dsv'
[2.406s] INFO:colcon.colcon_core.shell:Creating package script '/mnt/d/GroundZero/simulation/install/simulation/share/simulation/package.sh'
[2.419s] INFO:colcon.colcon_core.shell:Creating package script '/mnt/d/GroundZero/simulation/install/simulation/share/simulation/package.bash'
[2.432s] INFO:colcon.colcon_core.shell:Creating package script '/mnt/d/GroundZero/simulation/install/simulation/share/simulation/package.zsh'
[2.446s] Level 1:colcon.colcon_core.environment:create_file_with_runtime_dependencies(/mnt/d/GroundZero/simulation/install/simulation/share/colcon-core/packages/simulation)
[2.471s] Level 1:colcon.colcon_core.environment:create_environment_scripts_only(simulation)
[2.473s] Level 1:colcon.colcon_core.environment:checking '/mnt/d/GroundZero/simulation/install/simulation' for CMake module files
[2.539s] Level 1:colcon.colcon_core.environment:checking '/mnt/d/GroundZero/simulation/install/simulation' for CMake config files
[2.582s] Level 1:colcon.colcon_core.shell:create_environment_hook('simulation', 'cmake_prefix_path')
[2.583s] INFO:colcon.colcon_core.shell:Creating environment descriptor '/mnt/d/GroundZero/simulation/install/simulation/share/simulation/hook/cmake_prefix_path.dsv'
[2.593s] INFO:colcon.colcon_core.shell:Creating environment hook '/mnt/d/GroundZero/simulation/install/simulation/share/simulation/hook/cmake_prefix_path.sh'
[2.606s] Level 1:colcon.colcon_core.environment:checking '/mnt/d/GroundZero/simulation/install/simulation/bin'
[2.608s] Level 1:colcon.colcon_core.environment:checking '/mnt/d/GroundZero/simulation/install/simulation/lib/pkgconfig/simulation.pc'
[2.609s] Level 1:colcon.colcon_core.environment:checking '/mnt/d/GroundZero/simulation/install/simulation/lib/python3.12/site-packages'
[2.611s] Level 1:colcon.colcon_core.environment:checking '/mnt/d/GroundZero/simulation/install/simulation/bin'
[2.613s] INFO:colcon.colcon_core.shell:Creating package descriptor '/mnt/d/GroundZero/simulation/install/simulation/share/simulation/package.dsv'
[2.621s] INFO:colcon.colcon_core.shell:Creating package script '/mnt/d/GroundZero/simulation/install/simulation/share/simulation/package.sh'
[2.629s] INFO:colcon.colcon_core.shell:Creating package script '/mnt/d/GroundZero/simulation/install/simulation/share/simulation/package.bash'
[2.637s] INFO:colcon.colcon_core.shell:Creating package script '/mnt/d/GroundZero/simulation/install/simulation/share/simulation/package.zsh'
[2.645s] Level 1:colcon.colcon_core.environment:create_file_with_runtime_dependencies(/mnt/d/GroundZero/simulation/install/simulation/share/colcon-core/packages/simulation)
[2.653s] DEBUG:colcon.colcon_parallel_executor.executor.parallel:closing loop
[2.654s] DEBUG:colcon.colcon_parallel_executor.executor.parallel:loop closed
[2.655s] DEBUG:colcon.colcon_parallel_executor.executor.parallel:run_until_complete finished with '0'
[2.656s] DEBUG:colcon.colcon_core.event_reactor:joining thread
[2.691s] INFO:colcon.colcon_core.plugin_system:Skipping extension 'colcon_notification.desktop_notification.notify_send': Could not find 'notify-send'
[2.692s] INFO:colcon.colcon_core.plugin_system:Skipping extension 'colcon_notification.desktop_notification.terminal_notifier': Not used on non-Darwin systems
[2.693s] INFO:colcon.colcon_core.plugin_system:Skipping extension 'colcon_notification.desktop_notification.win32': Not used on non-Windows systems
[2.693s] INFO:colcon.colcon_notification.desktop_notification:Sending desktop notification using 'notify2'
[2.694s] DEBUG:colcon.colcon_notification.desktop_notification.notify2:Failed to initialize notify2: org.freedesktop.DBus.Error.ServiceUnknown: The name org.freedesktop.Notifications was not provided by any .service files
[2.696s] DEBUG:colcon.colcon_core.event_reactor:joined thread
[2.696s] INFO:colcon.colcon_core.shell:Creating prefix script '/mnt/d/GroundZero/simulation/install/local_setup.sh'
[2.701s] INFO:colcon.colcon_core.shell:Creating prefix util module '/mnt/d/GroundZero/simulation/install/_local_setup_util_sh.py'
[2.706s] INFO:colcon.colcon_core.shell:Creating prefix chain script '/mnt/d/GroundZero/simulation/install/setup.sh'
[2.717s] INFO:colcon.colcon_core.shell:Creating prefix script '/mnt/d/GroundZero/simulation/install/local_setup.bash'
[2.722s] INFO:colcon.colcon_core.shell:Creating prefix chain script '/mnt/d/GroundZero/simulation/install/setup.bash'
[2.735s] INFO:colcon.colcon_core.shell:Creating prefix script '/mnt/d/GroundZero/simulation/install/local_setup.zsh'
[2.740s] INFO:colcon.colcon_core.shell:Creating prefix chain script '/mnt/d/GroundZero/simulation/install/setup.zsh'
