[0.088s] Invoking command in '/mnt/d/GroundZero/simulation/build/simulation': CMAKE_PREFIX_PATH=${CMAKE_PREFIX_PATH}:/opt/ros/jazzy /usr/bin/cmake /mnt/d/GroundZero/simulation -DCMAKE_INSTALL_PREFIX=/mnt/d/GroundZero/simulation/install/simulation
[0.495s] -- The C compiler identification is GNU 13.3.0
[1.203s] -- The CXX compiler identification is GNU 13.3.0
[1.658s] -- Detecting C compiler ABI info
[2.342s] -- Detecting C compiler ABI info - done
[2.473s] -- Check for working C compiler: /usr/bin/cc - skipped
[2.479s] -- Detecting C compile features
[2.482s] -- Detecting C compile features - done
[2.582s] -- Detecting CXX compiler ABI info
[3.231s] -- Detecting CXX compiler ABI info - done
[3.361s] -- Check for working CXX compiler: /usr/bin/c++ - skipped
[3.366s] -- Detecting CXX compile features
[3.369s] -- Detecting CXX compile features - done
[3.437s] -- Found ament_cmake: 2.5.6 (/opt/ros/jazzy/share/ament_cmake/cmake)
[3.619s] -- Found Python3: /usr/bin/python3 (found version "3.12.3") found components: Interpreter 
[4.420s] -- Configuring done (4.3s)
[4.673s] -- Generating done (0.2s)
[4.785s] -- Build files have been written to: /mnt/d/GroundZero/simulation/build/simulation
[4.788s] Invoked command in '/mnt/d/GroundZero/simulation/build/simulation' returned '0': CMAKE_PREFIX_PATH=${CMAKE_PREFIX_PATH}:/opt/ros/jazzy /usr/bin/cmake /mnt/d/GroundZero/simulation -DCMAKE_INSTALL_PREFIX=/mnt/d/GroundZero/simulation/install/simulation
[4.798s] Invoking command in '/mnt/d/GroundZero/simulation/build/simulation': CMAKE_PREFIX_PATH=${CMAKE_PREFIX_PATH}:/opt/ros/jazzy /usr/bin/cmake --build /mnt/d/GroundZero/simulation/build/simulation -- -j12 -l12
[4.907s] Invoked command in '/mnt/d/GroundZero/simulation/build/simulation' returned '0': CMAKE_PREFIX_PATH=${CMAKE_PREFIX_PATH}:/opt/ros/jazzy /usr/bin/cmake --build /mnt/d/GroundZero/simulation/build/simulation -- -j12 -l12
[4.935s] Invoking command in '/mnt/d/GroundZero/simulation/build/simulation': CMAKE_PREFIX_PATH=${CMAKE_PREFIX_PATH}:/opt/ros/jazzy /usr/bin/cmake --install /mnt/d/GroundZero/simulation/build/simulation
[4.948s] -- Install configuration: ""
[4.953s] -- Installing: /mnt/d/GroundZero/simulation/install/simulation/share/simulation/worlds
[4.978s] -- Installing: /mnt/d/GroundZero/simulation/install/simulation/share/simulation/worlds/disaster_night_world.sdf
[5.039s] -- Installing: /mnt/d/GroundZero/simulation/install/simulation/share/simulation/models
[5.057s] -- Installing: /mnt/d/GroundZero/simulation/install/simulation/share/simulation/models/rescue_drone
[5.080s] -- Installing: /mnt/d/GroundZero/simulation/install/simulation/share/simulation/models/rescue_drone/model.config
[5.128s] -- Installing: /mnt/d/GroundZero/simulation/install/simulation/share/simulation/models/rescue_drone/model.sdf
[5.176s] -- Installing: /mnt/d/GroundZero/simulation/install/simulation/share/simulation/launch
[5.194s] -- Installing: /mnt/d/GroundZero/simulation/install/simulation/share/simulation/launch/disaster_sim.launch.py
[5.249s] -- Installing: /mnt/d/GroundZero/simulation/install/simulation/share/simulation/config
[5.275s] -- Installing: /mnt/d/GroundZero/simulation/install/simulation/share/simulation/config/ros_gz_bridge.yaml
[5.332s] -- Installing: /mnt/d/GroundZero/simulation/install/simulation/share/ament_index/resource_index/package_run_dependencies/simulation
[5.454s] -- Installing: /mnt/d/GroundZero/simulation/install/simulation/share/ament_index/resource_index/parent_prefix_path/simulation
[5.553s] -- Installing: /mnt/d/GroundZero/simulation/install/simulation/share/simulation/environment/ament_prefix_path.sh
[5.617s] -- Installing: /mnt/d/GroundZero/simulation/install/simulation/share/simulation/environment/ament_prefix_path.dsv
[5.679s] -- Installing: /mnt/d/GroundZero/simulation/install/simulation/share/simulation/environment/path.sh
[5.739s] -- Installing: /mnt/d/GroundZero/simulation/install/simulation/share/simulation/environment/path.dsv
[5.802s] -- Installing: /mnt/d/GroundZero/simulation/install/simulation/share/simulation/local_setup.bash
[5.870s] -- Installing: /mnt/d/GroundZero/simulation/install/simulation/share/simulation/local_setup.sh
[5.950s] -- Installing: /mnt/d/GroundZero/simulation/install/simulation/share/simulation/local_setup.zsh
[6.012s] -- Installing: /mnt/d/GroundZero/simulation/install/simulation/share/simulation/local_setup.dsv
[6.067s] -- Installing: /mnt/d/GroundZero/simulation/install/simulation/share/simulation/package.dsv
[6.159s] -- Installing: /mnt/d/GroundZero/simulation/install/simulation/share/ament_index/resource_index/packages/simulation
[6.257s] -- Installing: /mnt/d/GroundZero/simulation/install/simulation/share/simulation/cmake/simulationConfig.cmake
[6.327s] -- Installing: /mnt/d/GroundZero/simulation/install/simulation/share/simulation/cmake/simulationConfig-version.cmake
[6.390s] -- Installing: /mnt/d/GroundZero/simulation/install/simulation/share/simulation/package.xml
[6.441s] Invoked command in '/mnt/d/GroundZero/simulation/build/simulation' returned '0': CMAKE_PREFIX_PATH=${CMAKE_PREFIX_PATH}:/opt/ros/jazzy /usr/bin/cmake --install /mnt/d/GroundZero/simulation/build/simulation
