[0.068s] Invoking command in '/mnt/d/GroundZero/simulation/build/simulation': CMAKE_PREFIX_PATH=${CMAKE_PREFIX_PATH}:/opt/ros/jazzy /usr/bin/cmake --build /mnt/d/GroundZero/simulation/build/simulation -- -j12 -l12
[0.147s] Invoked command in '/mnt/d/GroundZero/simulation/build/simulation' returned '0': CMAKE_PREFIX_PATH=${CMAKE_PREFIX_PATH}:/opt/ros/jazzy /usr/bin/cmake --build /mnt/d/GroundZero/simulation/build/simulation -- -j12 -l12
[0.172s] Invoking command in '/mnt/d/GroundZero/simulation/build/simulation': CMAKE_PREFIX_PATH=${CMAKE_PREFIX_PATH}:/opt/ros/jazzy /usr/bin/cmake --install /mnt/d/GroundZero/simulation/build/simulation
[0.181s] -- Install configuration: ""
[0.191s] -- Up-to-date: /mnt/d/GroundZero/simulation/install/simulation/share/simulation/worlds
[0.214s] -- Up-to-date: /mnt/d/GroundZero/simulation/install/simulation/share/simulation/worlds/disaster_night_world.sdf
[0.228s] -- Up-to-date: /mnt/d/GroundZero/simulation/install/simulation/share/simulation/models
[0.251s] -- Up-to-date: /mnt/d/GroundZero/simulation/install/simulation/share/simulation/models/rescue_drone
[0.278s] -- Up-to-date: /mnt/d/GroundZero/simulation/install/simulation/share/simulation/models/rescue_drone/model.config
[0.298s] -- Up-to-date: /mnt/d/GroundZero/simulation/install/simulation/share/simulation/models/rescue_drone/model.sdf
[0.314s] -- Up-to-date: /mnt/d/GroundZero/simulation/install/simulation/share/simulation/launch
[0.332s] -- Up-to-date: /mnt/d/GroundZero/simulation/install/simulation/share/simulation/launch/disaster_sim.launch.py
[0.344s] -- Up-to-date: /mnt/d/GroundZero/simulation/install/simulation/share/simulation/config
[0.364s] -- Up-to-date: /mnt/d/GroundZero/simulation/install/simulation/share/simulation/config/ros_gz_bridge.yaml
[0.393s] -- Up-to-date: /mnt/d/GroundZero/simulation/install/simulation/share/ament_index/resource_index/package_run_dependencies/simulation
[0.419s] -- Up-to-date: /mnt/d/GroundZero/simulation/install/simulation/share/ament_index/resource_index/parent_prefix_path/simulation
[0.442s] -- Up-to-date: /mnt/d/GroundZero/simulation/install/simulation/share/simulation/environment/ament_prefix_path.sh
[0.468s] -- Up-to-date: /mnt/d/GroundZero/simulation/install/simulation/share/simulation/environment/ament_prefix_path.dsv
[0.485s] -- Up-to-date: /mnt/d/GroundZero/simulation/install/simulation/share/simulation/environment/path.sh
[0.507s] -- Up-to-date: /mnt/d/GroundZero/simulation/install/simulation/share/simulation/environment/path.dsv
[0.526s] -- Up-to-date: /mnt/d/GroundZero/simulation/install/simulation/share/simulation/local_setup.bash
[0.544s] -- Up-to-date: /mnt/d/GroundZero/simulation/install/simulation/share/simulation/local_setup.sh
[0.562s] -- Up-to-date: /mnt/d/GroundZero/simulation/install/simulation/share/simulation/local_setup.zsh
[0.578s] -- Up-to-date: /mnt/d/GroundZero/simulation/install/simulation/share/simulation/local_setup.dsv
[0.596s] -- Installing: /mnt/d/GroundZero/simulation/install/simulation/share/simulation/package.dsv
[0.665s] -- Up-to-date: /mnt/d/GroundZero/simulation/install/simulation/share/ament_index/resource_index/packages/simulation
[0.690s] -- Up-to-date: /mnt/d/GroundZero/simulation/install/simulation/share/simulation/cmake/simulationConfig.cmake
[0.706s] -- Up-to-date: /mnt/d/GroundZero/simulation/install/simulation/share/simulation/cmake/simulationConfig-version.cmake
[0.722s] -- Up-to-date: /mnt/d/GroundZero/simulation/install/simulation/share/simulation/package.xml
[0.731s] Invoked command in '/mnt/d/GroundZero/simulation/build/simulation' returned '0': CMAKE_PREFIX_PATH=${CMAKE_PREFIX_PATH}:/opt/ros/jazzy /usr/bin/cmake --install /mnt/d/GroundZero/simulation/build/simulation
