[0.065s] Invoking command in '/mnt/d/GroundZero/simulation/build/simulation': CMAKE_PREFIX_PATH=${CMAKE_PREFIX_PATH}:/opt/ros/jazzy /usr/bin/cmake --build /mnt/d/GroundZero/simulation/build/simulation -- -j12 -l12
[0.124s] Invoked command in '/mnt/d/GroundZero/simulation/build/simulation' returned '0': CMAKE_PREFIX_PATH=${CMAKE_PREFIX_PATH}:/opt/ros/jazzy /usr/bin/cmake --build /mnt/d/GroundZero/simulation/build/simulation -- -j12 -l12
[0.144s] Invoking command in '/mnt/d/GroundZero/simulation/build/simulation': CMAKE_PREFIX_PATH=${CMAKE_PREFIX_PATH}:/opt/ros/jazzy /usr/bin/cmake --install /mnt/d/GroundZero/simulation/build/simulation
[0.153s] -- Install configuration: ""
[0.161s] -- Up-to-date: /mnt/d/GroundZero/simulation/install/simulation/share/simulation/worlds
[0.173s] -- Up-to-date: /mnt/d/GroundZero/simulation/install/simulation/share/simulation/worlds/disaster_night_world.sdf
[0.183s] -- Up-to-date: /mnt/d/GroundZero/simulation/install/simulation/share/simulation/worlds/materials
[0.201s] -- Up-to-date: /mnt/d/GroundZero/simulation/install/simulation/share/simulation/worlds/materials/textures
[0.226s] -- Up-to-date: /mnt/d/GroundZero/simulation/install/simulation/share/simulation/worlds/materials/textures/bark_diffuse.png
[0.248s] -- Up-to-date: /mnt/d/GroundZero/simulation/install/simulation/share/simulation/worlds/materials/textures/bark_normal.png
[0.270s] -- Up-to-date: /mnt/d/GroundZero/simulation/install/simulation/share/simulation/worlds/materials/textures/leaves_diffuse.png
[0.287s] -- Up-to-date: /mnt/d/GroundZero/simulation/install/simulation/share/simulation/worlds/materials/textures/leaves_normal.png
[0.304s] -- Up-to-date: /mnt/d/GroundZero/simulation/install/simulation/share/simulation/worlds/materials/textures/survivor_prone.png
[0.319s] -- Up-to-date: /mnt/d/GroundZero/simulation/install/simulation/share/simulation/worlds/materials/textures/survivor_sitting.png
[0.333s] -- Up-to-date: /mnt/d/GroundZero/simulation/install/simulation/share/simulation/worlds/materials/textures/survivor_waving.png
[0.347s] -- Up-to-date: /mnt/d/GroundZero/simulation/install/simulation/share/simulation/worlds/materials/textures/water_diffuse.png
[0.361s] -- Up-to-date: /mnt/d/GroundZero/simulation/install/simulation/share/simulation/worlds/materials/textures/water_normal.png
[0.372s] -- Up-to-date: /mnt/d/GroundZero/simulation/install/simulation/share/simulation/models
[0.384s] -- Up-to-date: /mnt/d/GroundZero/simulation/install/simulation/share/simulation/models/human_prone_injured
[0.399s] -- Installing: /mnt/d/GroundZero/simulation/install/simulation/share/simulation/models/human_prone_injured/materials
[0.420s] -- Installing: /mnt/d/GroundZero/simulation/install/simulation/share/simulation/models/human_prone_injured/materials/textures
[0.464s] -- Installing: /mnt/d/GroundZero/simulation/install/simulation/share/simulation/models/human_prone_injured/materials/textures/survivor_prone.png
[0.629s] -- Up-to-date: /mnt/d/GroundZero/simulation/install/simulation/share/simulation/models/human_prone_injured/model.config
[0.641s] -- Up-to-date: /mnt/d/GroundZero/simulation/install/simulation/share/simulation/models/human_prone_injured/model.sdf
[0.653s] -- Up-to-date: /mnt/d/GroundZero/simulation/install/simulation/share/simulation/models/human_sitting_clinging
[0.667s] -- Installing: /mnt/d/GroundZero/simulation/install/simulation/share/simulation/models/human_sitting_clinging/materials
[0.697s] -- Installing: /mnt/d/GroundZero/simulation/install/simulation/share/simulation/models/human_sitting_clinging/materials/textures
[0.744s] -- Installing: /mnt/d/GroundZero/simulation/install/simulation/share/simulation/models/human_sitting_clinging/materials/textures/survivor_sitting.png
[0.861s] -- Up-to-date: /mnt/d/GroundZero/simulation/install/simulation/share/simulation/models/human_sitting_clinging/model.config
[0.873s] -- Up-to-date: /mnt/d/GroundZero/simulation/install/simulation/share/simulation/models/human_sitting_clinging/model.sdf
[0.885s] -- Up-to-date: /mnt/d/GroundZero/simulation/install/simulation/share/simulation/models/human_standing_waving
[0.900s] -- Installing: /mnt/d/GroundZero/simulation/install/simulation/share/simulation/models/human_standing_waving/materials
[0.924s] -- Installing: /mnt/d/GroundZero/simulation/install/simulation/share/simulation/models/human_standing_waving/materials/textures
[0.951s] -- Installing: /mnt/d/GroundZero/simulation/install/simulation/share/simulation/models/human_standing_waving/materials/textures/survivor_waving.png
[1.051s] -- Up-to-date: /mnt/d/GroundZero/simulation/install/simulation/share/simulation/models/human_standing_waving/model.config
[1.066s] -- Up-to-date: /mnt/d/GroundZero/simulation/install/simulation/share/simulation/models/human_standing_waving/model.sdf
[1.081s] -- Up-to-date: /mnt/d/GroundZero/simulation/install/simulation/share/simulation/models/rescue_drone
[1.100s] -- Up-to-date: /mnt/d/GroundZero/simulation/install/simulation/share/simulation/models/rescue_drone/model.config
[1.112s] -- Up-to-date: /mnt/d/GroundZero/simulation/install/simulation/share/simulation/models/rescue_drone/model.sdf
[1.122s] -- Up-to-date: /mnt/d/GroundZero/simulation/install/simulation/share/simulation/launch
[1.135s] -- Up-to-date: /mnt/d/GroundZero/simulation/install/simulation/share/simulation/launch/disaster_sim.launch.py
[1.145s] -- Up-to-date: /mnt/d/GroundZero/simulation/install/simulation/share/simulation/config
[1.158s] -- Up-to-date: /mnt/d/GroundZero/simulation/install/simulation/share/simulation/config/ros_gz_bridge.yaml
[1.167s] -- Up-to-date: /mnt/d/GroundZero/simulation/install/simulation/share/simulation/media
[1.180s] -- Up-to-date: /mnt/d/GroundZero/simulation/install/simulation/share/simulation/media/materials
[1.196s] -- Up-to-date: /mnt/d/GroundZero/simulation/install/simulation/share/simulation/media/materials/scripts
[1.218s] -- Up-to-date: /mnt/d/GroundZero/simulation/install/simulation/share/simulation/media/materials/scripts/water.material
[1.234s] -- Up-to-date: /mnt/d/GroundZero/simulation/install/simulation/share/simulation/media/materials/textures
[1.262s] -- Up-to-date: /mnt/d/GroundZero/simulation/install/simulation/share/simulation/media/materials/textures/bark_diffuse.png
[1.284s] -- Up-to-date: /mnt/d/GroundZero/simulation/install/simulation/share/simulation/media/materials/textures/bark_normal.png
[1.305s] -- Up-to-date: /mnt/d/GroundZero/simulation/install/simulation/share/simulation/media/materials/textures/leaves_diffuse.png
[1.322s] -- Up-to-date: /mnt/d/GroundZero/simulation/install/simulation/share/simulation/media/materials/textures/leaves_normal.png
[1.337s] -- Up-to-date: /mnt/d/GroundZero/simulation/install/simulation/share/simulation/media/materials/textures/survivor_prone.png
[1.351s] -- Up-to-date: /mnt/d/GroundZero/simulation/install/simulation/share/simulation/media/materials/textures/survivor_sitting.png
[1.366s] -- Up-to-date: /mnt/d/GroundZero/simulation/install/simulation/share/simulation/media/materials/textures/survivor_waving.png
[1.380s] -- Up-to-date: /mnt/d/GroundZero/simulation/install/simulation/share/simulation/media/materials/textures/water_diffuse.png
[1.395s] -- Up-to-date: /mnt/d/GroundZero/simulation/install/simulation/share/simulation/media/materials/textures/water_normal.png
[1.416s] -- Up-to-date: /mnt/d/GroundZero/simulation/install/simulation/share/ament_index/resource_index/package_run_dependencies/simulation
[1.433s] -- Up-to-date: /mnt/d/GroundZero/simulation/install/simulation/share/ament_index/resource_index/parent_prefix_path/simulation
[1.444s] -- Up-to-date: /mnt/d/GroundZero/simulation/install/simulation/share/simulation/environment/ament_prefix_path.sh
[1.457s] -- Up-to-date: /mnt/d/GroundZero/simulation/install/simulation/share/simulation/environment/ament_prefix_path.dsv
[1.466s] -- Up-to-date: /mnt/d/GroundZero/simulation/install/simulation/share/simulation/environment/path.sh
[1.479s] -- Up-to-date: /mnt/d/GroundZero/simulation/install/simulation/share/simulation/environment/path.dsv
[1.495s] -- Up-to-date: /mnt/d/GroundZero/simulation/install/simulation/share/simulation/local_setup.bash
[1.509s] -- Up-to-date: /mnt/d/GroundZero/simulation/install/simulation/share/simulation/local_setup.sh
[1.526s] -- Up-to-date: /mnt/d/GroundZero/simulation/install/simulation/share/simulation/local_setup.zsh
[1.541s] -- Up-to-date: /mnt/d/GroundZero/simulation/install/simulation/share/simulation/local_setup.dsv
[1.557s] -- Installing: /mnt/d/GroundZero/simulation/install/simulation/share/simulation/package.dsv
[1.611s] -- Up-to-date: /mnt/d/GroundZero/simulation/install/simulation/share/ament_index/resource_index/packages/simulation
[1.630s] -- Up-to-date: /mnt/d/GroundZero/simulation/install/simulation/share/simulation/cmake/simulationConfig.cmake
[1.643s] -- Up-to-date: /mnt/d/GroundZero/simulation/install/simulation/share/simulation/cmake/simulationConfig-version.cmake
[1.657s] -- Up-to-date: /mnt/d/GroundZero/simulation/install/simulation/share/simulation/package.xml
[1.667s] Invoked command in '/mnt/d/GroundZero/simulation/build/simulation' returned '0': CMAKE_PREFIX_PATH=${CMAKE_PREFIX_PATH}:/opt/ros/jazzy /usr/bin/cmake --install /mnt/d/GroundZero/simulation/build/simulation
