[0.065s] Invoking command in '/mnt/d/GroundZero/simulation/build/simulation': CMAKE_PREFIX_PATH=${CMAKE_PREFIX_PATH}:/opt/ros/jazzy /usr/bin/cmake --build /mnt/d/GroundZero/simulation/build/simulation -- -j12 -l12
[0.127s] Invoked command in '/mnt/d/GroundZero/simulation/build/simulation' returned '0': CMAKE_PREFIX_PATH=${CMAKE_PREFIX_PATH}:/opt/ros/jazzy /usr/bin/cmake --build /mnt/d/GroundZero/simulation/build/simulation -- -j12 -l12
[0.147s] Invoking command in '/mnt/d/GroundZero/simulation/build/simulation': CMAKE_PREFIX_PATH=${CMAKE_PREFIX_PATH}:/opt/ros/jazzy /usr/bin/cmake --install /mnt/d/GroundZero/simulation/build/simulation
[0.156s] -- Install configuration: ""
[0.162s] -- Up-to-date: /mnt/d/GroundZero/simulation/install/simulation/share/simulation/worlds
[0.177s] -- Installing: /mnt/d/GroundZero/simulation/install/simulation/share/simulation/worlds/disaster_night_world.sdf
[0.234s] -- Up-to-date: /mnt/d/GroundZero/simulation/install/simulation/share/simulation/worlds/materials
[0.258s] -- Up-to-date: /mnt/d/GroundZero/simulation/install/simulation/share/simulation/worlds/materials/textures
[0.286s] -- Up-to-date: /mnt/d/GroundZero/simulation/install/simulation/share/simulation/worlds/materials/textures/bark_diffuse.png
[0.304s] -- Up-to-date: /mnt/d/GroundZero/simulation/install/simulation/share/simulation/worlds/materials/textures/bark_normal.png
[0.320s] -- Up-to-date: /mnt/d/GroundZero/simulation/install/simulation/share/simulation/worlds/materials/textures/leaves_diffuse.png
[0.344s] -- Up-to-date: /mnt/d/GroundZero/simulation/install/simulation/share/simulation/worlds/materials/textures/leaves_normal.png
[0.366s] -- Installing: /mnt/d/GroundZero/simulation/install/simulation/share/simulation/worlds/materials/textures/survivor_prone.png
[0.636s] -- Installing: /mnt/d/GroundZero/simulation/install/simulation/share/simulation/worlds/materials/textures/survivor_sitting.png
[0.856s] -- Installing: /mnt/d/GroundZero/simulation/install/simulation/share/simulation/worlds/materials/textures/survivor_waving.png
[0.962s] -- Up-to-date: /mnt/d/GroundZero/simulation/install/simulation/share/simulation/worlds/materials/textures/water_diffuse.png
[0.977s] -- Up-to-date: /mnt/d/GroundZero/simulation/install/simulation/share/simulation/worlds/materials/textures/water_normal.png
[0.995s] -- Up-to-date: /mnt/d/GroundZero/simulation/install/simulation/share/simulation/models
[1.014s] -- Installing: /mnt/d/GroundZero/simulation/install/simulation/share/simulation/models/human_prone_injured
[1.041s] -- Installing: /mnt/d/GroundZero/simulation/install/simulation/share/simulation/models/human_prone_injured/model.config
[1.099s] -- Installing: /mnt/d/GroundZero/simulation/install/simulation/share/simulation/models/human_prone_injured/model.sdf
[1.145s] -- Installing: /mnt/d/GroundZero/simulation/install/simulation/share/simulation/models/human_sitting_clinging
[1.165s] -- Installing: /mnt/d/GroundZero/simulation/install/simulation/share/simulation/models/human_sitting_clinging/model.config
[1.212s] -- Installing: /mnt/d/GroundZero/simulation/install/simulation/share/simulation/models/human_sitting_clinging/model.sdf
[1.257s] -- Installing: /mnt/d/GroundZero/simulation/install/simulation/share/simulation/models/human_standing_waving
[1.277s] -- Installing: /mnt/d/GroundZero/simulation/install/simulation/share/simulation/models/human_standing_waving/model.config
[1.322s] -- Installing: /mnt/d/GroundZero/simulation/install/simulation/share/simulation/models/human_standing_waving/model.sdf
[1.386s] -- Up-to-date: /mnt/d/GroundZero/simulation/install/simulation/share/simulation/models/rescue_drone
[1.401s] -- Up-to-date: /mnt/d/GroundZero/simulation/install/simulation/share/simulation/models/rescue_drone/model.config
[1.413s] -- Up-to-date: /mnt/d/GroundZero/simulation/install/simulation/share/simulation/models/rescue_drone/model.sdf
[1.426s] -- Up-to-date: /mnt/d/GroundZero/simulation/install/simulation/share/simulation/launch
[1.438s] -- Up-to-date: /mnt/d/GroundZero/simulation/install/simulation/share/simulation/launch/disaster_sim.launch.py
[1.447s] -- Up-to-date: /mnt/d/GroundZero/simulation/install/simulation/share/simulation/config
[1.462s] -- Up-to-date: /mnt/d/GroundZero/simulation/install/simulation/share/simulation/config/ros_gz_bridge.yaml
[1.472s] -- Up-to-date: /mnt/d/GroundZero/simulation/install/simulation/share/simulation/media
[1.489s] -- Up-to-date: /mnt/d/GroundZero/simulation/install/simulation/share/simulation/media/materials
[1.513s] -- Up-to-date: /mnt/d/GroundZero/simulation/install/simulation/share/simulation/media/materials/scripts
[1.532s] -- Up-to-date: /mnt/d/GroundZero/simulation/install/simulation/share/simulation/media/materials/scripts/water.material
[1.544s] -- Up-to-date: /mnt/d/GroundZero/simulation/install/simulation/share/simulation/media/materials/textures
[1.564s] -- Up-to-date: /mnt/d/GroundZero/simulation/install/simulation/share/simulation/media/materials/textures/bark_diffuse.png
[1.588s] -- Up-to-date: /mnt/d/GroundZero/simulation/install/simulation/share/simulation/media/materials/textures/bark_normal.png
[1.612s] -- Up-to-date: /mnt/d/GroundZero/simulation/install/simulation/share/simulation/media/materials/textures/leaves_diffuse.png
[1.634s] -- Up-to-date: /mnt/d/GroundZero/simulation/install/simulation/share/simulation/media/materials/textures/leaves_normal.png
[1.657s] -- Installing: /mnt/d/GroundZero/simulation/install/simulation/share/simulation/media/materials/textures/survivor_prone.png
[1.883s] -- Installing: /mnt/d/GroundZero/simulation/install/simulation/share/simulation/media/materials/textures/survivor_sitting.png
[2.023s] -- Installing: /mnt/d/GroundZero/simulation/install/simulation/share/simulation/media/materials/textures/survivor_waving.png
[2.177s] -- Up-to-date: /mnt/d/GroundZero/simulation/install/simulation/share/simulation/media/materials/textures/water_diffuse.png
[2.202s] -- Up-to-date: /mnt/d/GroundZero/simulation/install/simulation/share/simulation/media/materials/textures/water_normal.png
[2.236s] -- Up-to-date: /mnt/d/GroundZero/simulation/install/simulation/share/ament_index/resource_index/package_run_dependencies/simulation
[2.267s] -- Up-to-date: /mnt/d/GroundZero/simulation/install/simulation/share/ament_index/resource_index/parent_prefix_path/simulation
[2.281s] -- Up-to-date: /mnt/d/GroundZero/simulation/install/simulation/share/simulation/environment/ament_prefix_path.sh
[2.295s] -- Up-to-date: /mnt/d/GroundZero/simulation/install/simulation/share/simulation/environment/ament_prefix_path.dsv
[2.308s] -- Up-to-date: /mnt/d/GroundZero/simulation/install/simulation/share/simulation/environment/path.sh
[2.325s] -- Up-to-date: /mnt/d/GroundZero/simulation/install/simulation/share/simulation/environment/path.dsv
[2.340s] -- Up-to-date: /mnt/d/GroundZero/simulation/install/simulation/share/simulation/local_setup.bash
[2.351s] -- Up-to-date: /mnt/d/GroundZero/simulation/install/simulation/share/simulation/local_setup.sh
[2.361s] -- Up-to-date: /mnt/d/GroundZero/simulation/install/simulation/share/simulation/local_setup.zsh
[2.373s] -- Up-to-date: /mnt/d/GroundZero/simulation/install/simulation/share/simulation/local_setup.dsv
[2.384s] -- Installing: /mnt/d/GroundZero/simulation/install/simulation/share/simulation/package.dsv
[2.428s] -- Up-to-date: /mnt/d/GroundZero/simulation/install/simulation/share/ament_index/resource_index/packages/simulation
[2.440s] -- Up-to-date: /mnt/d/GroundZero/simulation/install/simulation/share/simulation/cmake/simulationConfig.cmake
[2.451s] -- Up-to-date: /mnt/d/GroundZero/simulation/install/simulation/share/simulation/cmake/simulationConfig-version.cmake
[2.467s] -- Up-to-date: /mnt/d/GroundZero/simulation/install/simulation/share/simulation/package.xml
[2.481s] Invoked command in '/mnt/d/GroundZero/simulation/build/simulation' returned '0': CMAKE_PREFIX_PATH=${CMAKE_PREFIX_PATH}:/opt/ros/jazzy /usr/bin/cmake --install /mnt/d/GroundZero/simulation/build/simulation
