[0.128s] Invoking command in '/mnt/d/GroundZero/simulation/build/simulation': CMAKE_PREFIX_PATH=${CMAKE_PREFIX_PATH}:/opt/ros/jazzy /usr/bin/cmake --build /mnt/d/GroundZero/simulation/build/simulation -- -j12 -l12
[0.237s] Invoked command in '/mnt/d/GroundZero/simulation/build/simulation' returned '0': CMAKE_PREFIX_PATH=${CMAKE_PREFIX_PATH}:/opt/ros/jazzy /usr/bin/cmake --build /mnt/d/GroundZero/simulation/build/simulation -- -j12 -l12
[0.274s] Invoking command in '/mnt/d/GroundZero/simulation/build/simulation': CMAKE_PREFIX_PATH=${CMAKE_PREFIX_PATH}:/opt/ros/jazzy /usr/bin/cmake --install /mnt/d/GroundZero/simulation/build/simulation
[0.291s] -- Install configuration: ""
[0.306s] -- Up-to-date: /mnt/d/GroundZero/simulation/install/simulation/share/simulation/worlds
[0.333s] -- Up-to-date: /mnt/d/GroundZero/simulation/install/simulation/share/simulation/worlds/disaster_night_world.sdf
[0.356s] -- Up-to-date: /mnt/d/GroundZero/simulation/install/simulation/share/simulation/worlds/materials
[0.389s] -- Up-to-date: /mnt/d/GroundZero/simulation/install/simulation/share/simulation/worlds/materials/textures
[0.430s] -- Up-to-date: /mnt/d/GroundZero/simulation/install/simulation/share/simulation/worlds/materials/textures/bark_diffuse.png
[0.460s] -- Up-to-date: /mnt/d/GroundZero/simulation/install/simulation/share/simulation/worlds/materials/textures/bark_normal.png
[0.491s] -- Up-to-date: /mnt/d/GroundZero/simulation/install/simulation/share/simulation/worlds/materials/textures/leaves_diffuse.png
[0.515s] -- Up-to-date: /mnt/d/GroundZero/simulation/install/simulation/share/simulation/worlds/materials/textures/leaves_normal.png
[0.546s] -- Up-to-date: /mnt/d/GroundZero/simulation/install/simulation/share/simulation/worlds/materials/textures/survivor_prone.png
[0.575s] -- Up-to-date: /mnt/d/GroundZero/simulation/install/simulation/share/simulation/worlds/materials/textures/survivor_sitting.png
[0.606s] -- Up-to-date: /mnt/d/GroundZero/simulation/install/simulation/share/simulation/worlds/materials/textures/survivor_waving.png
[0.636s] -- Up-to-date: /mnt/d/GroundZero/simulation/install/simulation/share/simulation/worlds/materials/textures/water_diffuse.png
[0.668s] -- Up-to-date: /mnt/d/GroundZero/simulation/install/simulation/share/simulation/worlds/materials/textures/water_normal.png
[0.688s] -- Up-to-date: /mnt/d/GroundZero/simulation/install/simulation/share/simulation/models
[0.716s] -- Up-to-date: /mnt/d/GroundZero/simulation/install/simulation/share/simulation/models/human_prone_injured
[0.745s] -- Up-to-date: /mnt/d/GroundZero/simulation/install/simulation/share/simulation/models/human_prone_injured/materials
[0.782s] -- Up-to-date: /mnt/d/GroundZero/simulation/install/simulation/share/simulation/models/human_prone_injured/materials/textures
[0.887s] -- Up-to-date: /mnt/d/GroundZero/simulation/install/simulation/share/simulation/models/human_prone_injured/materials/textures/survivor_prone.png
[0.909s] -- Up-to-date: /mnt/d/GroundZero/simulation/install/simulation/share/simulation/models/human_prone_injured/meshes
[0.939s] -- Installing: /mnt/d/GroundZero/simulation/install/simulation/share/simulation/models/human_prone_injured/meshes/prone_injured.mtl
[1.044s] -- Installing: /mnt/d/GroundZero/simulation/install/simulation/share/simulation/models/human_prone_injured/meshes/prone_injured.obj
[1.129s] -- Up-to-date: /mnt/d/GroundZero/simulation/install/simulation/share/simulation/models/human_prone_injured/model.config
[1.152s] -- Installing: /mnt/d/GroundZero/simulation/install/simulation/share/simulation/models/human_prone_injured/model.sdf
[1.242s] -- Up-to-date: /mnt/d/GroundZero/simulation/install/simulation/share/simulation/models/human_sitting_clinging
[1.280s] -- Up-to-date: /mnt/d/GroundZero/simulation/install/simulation/share/simulation/models/human_sitting_clinging/materials
[1.322s] -- Up-to-date: /mnt/d/GroundZero/simulation/install/simulation/share/simulation/models/human_sitting_clinging/materials/textures
[1.369s] -- Up-to-date: /mnt/d/GroundZero/simulation/install/simulation/share/simulation/models/human_sitting_clinging/materials/textures/survivor_sitting.png
[1.392s] -- Up-to-date: /mnt/d/GroundZero/simulation/install/simulation/share/simulation/models/human_sitting_clinging/meshes
[1.428s] -- Installing: /mnt/d/GroundZero/simulation/install/simulation/share/simulation/models/human_sitting_clinging/meshes/sitting_huddled.mtl
[1.523s] -- Installing: /mnt/d/GroundZero/simulation/install/simulation/share/simulation/models/human_sitting_clinging/meshes/sitting_huddled.obj
[1.605s] -- Up-to-date: /mnt/d/GroundZero/simulation/install/simulation/share/simulation/models/human_sitting_clinging/model.config
[1.626s] -- Installing: /mnt/d/GroundZero/simulation/install/simulation/share/simulation/models/human_sitting_clinging/model.sdf
[1.698s] -- Up-to-date: /mnt/d/GroundZero/simulation/install/simulation/share/simulation/models/human_standing_waving
[1.724s] -- Up-to-date: /mnt/d/GroundZero/simulation/install/simulation/share/simulation/models/human_standing_waving/materials
[1.749s] -- Up-to-date: /mnt/d/GroundZero/simulation/install/simulation/share/simulation/models/human_standing_waving/materials/textures
[1.780s] -- Up-to-date: /mnt/d/GroundZero/simulation/install/simulation/share/simulation/models/human_standing_waving/materials/textures/survivor_waving.png
[1.799s] -- Up-to-date: /mnt/d/GroundZero/simulation/install/simulation/share/simulation/models/human_standing_waving/meshes
[1.822s] -- Installing: /mnt/d/GroundZero/simulation/install/simulation/share/simulation/models/human_standing_waving/meshes/standing_waving.mtl
[1.894s] -- Installing: /mnt/d/GroundZero/simulation/install/simulation/share/simulation/models/human_standing_waving/meshes/standing_waving.obj
[1.973s] -- Up-to-date: /mnt/d/GroundZero/simulation/install/simulation/share/simulation/models/human_standing_waving/model.config
[1.992s] -- Installing: /mnt/d/GroundZero/simulation/install/simulation/share/simulation/models/human_standing_waving/model.sdf
[2.071s] -- Up-to-date: /mnt/d/GroundZero/simulation/install/simulation/share/simulation/models/rescue_drone
[2.095s] -- Up-to-date: /mnt/d/GroundZero/simulation/install/simulation/share/simulation/models/rescue_drone/model.config
[2.114s] -- Up-to-date: /mnt/d/GroundZero/simulation/install/simulation/share/simulation/models/rescue_drone/model.sdf
[2.128s] -- Up-to-date: /mnt/d/GroundZero/simulation/install/simulation/share/simulation/launch
[2.146s] -- Up-to-date: /mnt/d/GroundZero/simulation/install/simulation/share/simulation/launch/disaster_sim.launch.py
[2.155s] -- Up-to-date: /mnt/d/GroundZero/simulation/install/simulation/share/simulation/config
[2.169s] -- Up-to-date: /mnt/d/GroundZero/simulation/install/simulation/share/simulation/config/ros_gz_bridge.yaml
[2.178s] -- Up-to-date: /mnt/d/GroundZero/simulation/install/simulation/share/simulation/media
[2.192s] -- Up-to-date: /mnt/d/GroundZero/simulation/install/simulation/share/simulation/media/materials
[2.209s] -- Up-to-date: /mnt/d/GroundZero/simulation/install/simulation/share/simulation/media/materials/scripts
[2.228s] -- Up-to-date: /mnt/d/GroundZero/simulation/install/simulation/share/simulation/media/materials/scripts/water.material
[2.240s] -- Up-to-date: /mnt/d/GroundZero/simulation/install/simulation/share/simulation/media/materials/textures
[2.259s] -- Up-to-date: /mnt/d/GroundZero/simulation/install/simulation/share/simulation/media/materials/textures/bark_diffuse.png
[2.273s] -- Up-to-date: /mnt/d/GroundZero/simulation/install/simulation/share/simulation/media/materials/textures/bark_normal.png
[2.288s] -- Up-to-date: /mnt/d/GroundZero/simulation/install/simulation/share/simulation/media/materials/textures/leaves_diffuse.png
[2.304s] -- Up-to-date: /mnt/d/GroundZero/simulation/install/simulation/share/simulation/media/materials/textures/leaves_normal.png
[2.324s] -- Up-to-date: /mnt/d/GroundZero/simulation/install/simulation/share/simulation/media/materials/textures/survivor_prone.png
[2.347s] -- Up-to-date: /mnt/d/GroundZero/simulation/install/simulation/share/simulation/media/materials/textures/survivor_sitting.png
[2.368s] -- Up-to-date: /mnt/d/GroundZero/simulation/install/simulation/share/simulation/media/materials/textures/survivor_waving.png
[2.389s] -- Up-to-date: /mnt/d/GroundZero/simulation/install/simulation/share/simulation/media/materials/textures/water_diffuse.png
[2.411s] -- Up-to-date: /mnt/d/GroundZero/simulation/install/simulation/share/simulation/media/materials/textures/water_normal.png
[2.432s] -- Up-to-date: /mnt/d/GroundZero/simulation/install/simulation/share/ament_index/resource_index/package_run_dependencies/simulation
[2.450s] -- Up-to-date: /mnt/d/GroundZero/simulation/install/simulation/share/ament_index/resource_index/parent_prefix_path/simulation
[2.460s] -- Up-to-date: /mnt/d/GroundZero/simulation/install/simulation/share/simulation/environment/ament_prefix_path.sh
[2.472s] -- Up-to-date: /mnt/d/GroundZero/simulation/install/simulation/share/simulation/environment/ament_prefix_path.dsv
[2.481s] -- Up-to-date: /mnt/d/GroundZero/simulation/install/simulation/share/simulation/environment/path.sh
[2.493s] -- Up-to-date: /mnt/d/GroundZero/simulation/install/simulation/share/simulation/environment/path.dsv
[2.506s] -- Up-to-date: /mnt/d/GroundZero/simulation/install/simulation/share/simulation/local_setup.bash
[2.535s] -- Up-to-date: /mnt/d/GroundZero/simulation/install/simulation/share/simulation/local_setup.sh
[2.549s] -- Up-to-date: /mnt/d/GroundZero/simulation/install/simulation/share/simulation/local_setup.zsh
[2.566s] -- Up-to-date: /mnt/d/GroundZero/simulation/install/simulation/share/simulation/local_setup.dsv
[2.583s] -- Installing: /mnt/d/GroundZero/simulation/install/simulation/share/simulation/package.dsv
[2.645s] -- Up-to-date: /mnt/d/GroundZero/simulation/install/simulation/share/ament_index/resource_index/packages/simulation
[2.658s] -- Up-to-date: /mnt/d/GroundZero/simulation/install/simulation/share/simulation/cmake/simulationConfig.cmake
[2.668s] -- Up-to-date: /mnt/d/GroundZero/simulation/install/simulation/share/simulation/cmake/simulationConfig-version.cmake
[2.678s] -- Up-to-date: /mnt/d/GroundZero/simulation/install/simulation/share/simulation/package.xml
[2.687s] Invoked command in '/mnt/d/GroundZero/simulation/build/simulation' returned '0': CMAKE_PREFIX_PATH=${CMAKE_PREFIX_PATH}:/opt/ros/jazzy /usr/bin/cmake --install /mnt/d/GroundZero/simulation/build/simulation
