[0.216s] DEBUG:colcon:Command line arguments: ['/usr/bin/colcon', 'build', '--packages-select', 'simulation']
[0.217s] DEBUG:colcon:Parsed command line arguments: Namespace(log_base=None, log_level=None, verb_name='build', build_base='build', install_base='install', merge_install=False, symlink_install=False, test_result_base=None, continue_on_error=False, executor='parallel', parallel_workers=12, event_handlers=None, ignore_user_meta=False, metas=['./colcon.meta'], base_paths=['.'], packages_ignore=None, packages_ignore_regex=None, paths=None, packages_up_to=None, packages_up_to_regex=None, packages_above=None, packages_above_and_dependencies=None, packages_above_depth=None, packages_select_by_dep=None, packages_skip_by_dep=None, packages_skip_up_to=None, packages_select_build_failed=False, packages_skip_build_finished=False, packages_select_test_failures=False, packages_skip_test_passed=False, packages_select=['simulation'], packages_skip=None, packages_select_regex=None, packages_skip_regex=None, packages_start=None, packages_end=None, cmake_args=None, cmake_target=None, cmake_target_skip_unavailable=False, cmake_clean_cache=False, cmake_clean_first=False, cmake_force_configure=False, ament_cmake_args=None, catkin_cmake_args=None, catkin_skip_building_tests=False, verb_parser=<colcon_defaults.argument_parser.defaults.DefaultArgumentsDecorator object at 0x7a8b1b601ee0>, verb_extension=<colcon_core.verb.build.BuildVerb object at 0x7a8b1b601bb0>, main=<bound method BuildVerb.main of <colcon_core.verb.build.BuildVerb object at 0x7a8b1b601bb0>>)
[0.270s] Level 1:colcon.colcon_core.package_discovery:discover_packages(colcon_meta) check parameters
[0.273s] Level 1:colcon.colcon_core.package_discovery:discover_packages(recursive) check parameters
[0.275s] Level 1:colcon.colcon_core.package_discovery:discover_packages(ignore) check parameters
[0.277s] Level 1:colcon.colcon_core.package_discovery:discover_packages(path) check parameters
[0.278s] Level 1:colcon.colcon_core.package_discovery:discover_packages(colcon_meta) discover
[0.280s] Level 1:colcon.colcon_core.package_discovery:discover_packages(recursive) discover
[0.281s] INFO:colcon.colcon_core.package_discovery:Crawling recursively for packages in '/mnt/d/GroundZero/simulation'
[0.285s] Level 1:colcon.colcon_core.package_identification:_identify(.) by extensions ['ignore', 'ignore_ament_install']
[0.286s] Level 1:colcon.colcon_core.package_identification:_identify(.) by extension 'ignore'
[0.288s] Level 1:colcon.colcon_core.package_identification:_identify(.) by extension 'ignore_ament_install'
[0.290s] Level 1:colcon.colcon_core.package_identification:_identify(.) by extensions ['colcon_pkg']
[0.291s] Level 1:colcon.colcon_core.package_identification:_identify(.) by extension 'colcon_pkg'
[0.293s] Level 1:colcon.colcon_core.package_identification:_identify(.) by extensions ['colcon_meta']
[0.295s] Level 1:colcon.colcon_core.package_identification:_identify(.) by extension 'colcon_meta'
[0.296s] Level 1:colcon.colcon_core.package_identification:_identify(.) by extensions ['ros']
[0.298s] Level 1:colcon.colcon_core.package_identification:_identify(.) by extension 'ros'
[0.332s] DEBUG:colcon.colcon_core.package_identification:Package '.' with type 'ros.ament_cmake' and name 'simulation'
[0.334s] Level 1:colcon.colcon_core.package_discovery:discover_packages(recursive) using defaults
[0.336s] Level 1:colcon.colcon_core.package_discovery:discover_packages(ignore) discover
[0.337s] Level 1:colcon.colcon_core.package_discovery:discover_packages(ignore) using defaults
[0.338s] Level 1:colcon.colcon_core.package_discovery:discover_packages(path) discover
[0.340s] Level 1:colcon.colcon_core.package_discovery:discover_packages(path) using defaults
[0.355s] Level 5:colcon.colcon_core.verb:set package 'simulation' build argument 'cmake_args' from command line to 'None'
[0.357s] Level 5:colcon.colcon_core.verb:set package 'simulation' build argument 'cmake_target' from command line to 'None'
[0.359s] Level 5:colcon.colcon_core.verb:set package 'simulation' build argument 'cmake_target_skip_unavailable' from command line to 'False'
[0.360s] Level 5:colcon.colcon_core.verb:set package 'simulation' build argument 'cmake_clean_cache' from command line to 'False'
[0.362s] Level 5:colcon.colcon_core.verb:set package 'simulation' build argument 'cmake_clean_first' from command line to 'False'
[0.363s] Level 5:colcon.colcon_core.verb:set package 'simulation' build argument 'cmake_force_configure' from command line to 'False'
[0.365s] Level 5:colcon.colcon_core.verb:set package 'simulation' build argument 'ament_cmake_args' from command line to 'None'
[0.367s] Level 5:colcon.colcon_core.verb:set package 'simulation' build argument 'catkin_cmake_args' from command line to 'None'
[0.368s] Level 5:colcon.colcon_core.verb:set package 'simulation' build argument 'catkin_skip_building_tests' from command line to 'False'
[0.370s] DEBUG:colcon.colcon_core.verb:Building package 'simulation' with the following arguments: {'ament_cmake_args': None, 'build_base': '/mnt/d/GroundZero/simulation/build/simulation', 'catkin_cmake_args': None, 'catkin_skip_building_tests': False, 'cmake_args': None, 'cmake_clean_cache': False, 'cmake_clean_first': False, 'cmake_force_configure': False, 'cmake_target': None, 'cmake_target_skip_unavailable': False, 'install_base': '/mnt/d/GroundZero/simulation/install/simulation', 'merge_install': False, 'path': '/mnt/d/GroundZero/simulation', 'symlink_install': False, 'test_result_base': None}
[0.372s] INFO:colcon.colcon_core.executor:Executing jobs using 'parallel' executor
[0.374s] DEBUG:colcon.colcon_parallel_executor.executor.parallel:run_until_complete
[0.376s] INFO:colcon.colcon_ros.task.ament_cmake.build:Building ROS package in '/mnt/d/GroundZero/simulation' with build type 'ament_cmake'
[0.378s] INFO:colcon.colcon_cmake.task.cmake.build:Building CMake package in '/mnt/d/GroundZero/simulation'
[0.381s] INFO:colcon.colcon_core.plugin_system:Skipping extension 'colcon_core.shell.bat': Not used on non-Windows systems
[0.383s] DEBUG:colcon.colcon_core.shell:Skip shell extension 'dsv' for command environment
[0.527s] DEBUG:colcon.colcon_core.event_handler.log_command:Invoking command in '/mnt/d/GroundZero/simulation/build/simulation': CMAKE_PREFIX_PATH=${CMAKE_PREFIX_PATH}:/opt/ros/jazzy /usr/bin/cmake --build /mnt/d/GroundZero/simulation/build/simulation -- -j12 -l12
[0.640s] DEBUG:colcon.colcon_core.event_handler.log_command:Invoked command in '/mnt/d/GroundZero/simulation/build/simulation' returned '0': CMAKE_PREFIX_PATH=${CMAKE_PREFIX_PATH}:/opt/ros/jazzy /usr/bin/cmake --build /mnt/d/GroundZero/simulation/build/simulation -- -j12 -l12
[0.675s] DEBUG:colcon.colcon_core.event_handler.log_command:Invoking command in '/mnt/d/GroundZero/simulation/build/simulation': CMAKE_PREFIX_PATH=${CMAKE_PREFIX_PATH}:/opt/ros/jazzy /usr/bin/cmake --install /mnt/d/GroundZero/simulation/build/simulation
[1.630s] Level 1:colcon.colcon_core.environment:create_environment_scripts_only(simulation)
[1.632s] Level 1:colcon.colcon_core.environment:checking '/mnt/d/GroundZero/simulation/install/simulation' for CMake module files
[1.637s] DEBUG:colcon.colcon_core.event_handler.log_command:Invoked command in '/mnt/d/GroundZero/simulation/build/simulation' returned '0': CMAKE_PREFIX_PATH=${CMAKE_PREFIX_PATH}:/opt/ros/jazzy /usr/bin/cmake --install /mnt/d/GroundZero/simulation/build/simulation
[1.688s] Level 1:colcon.colcon_core.environment:checking '/mnt/d/GroundZero/simulation/install/simulation' for CMake config files
[1.732s] Level 1:colcon.colcon_core.shell:create_environment_hook('simulation', 'cmake_prefix_path')
[1.733s] INFO:colcon.colcon_core.shell:Creating environment descriptor '/mnt/d/GroundZero/simulation/install/simulation/share/simulation/hook/cmake_prefix_path.dsv'
[1.744s] INFO:colcon.colcon_core.shell:Creating environment hook '/mnt/d/GroundZero/simulation/install/simulation/share/simulation/hook/cmake_prefix_path.sh'
[1.757s] Level 1:colcon.colcon_core.environment:checking '/mnt/d/GroundZero/simulation/install/simulation/bin'
[1.758s] Level 1:colcon.colcon_core.environment:checking '/mnt/d/GroundZero/simulation/install/simulation/lib/pkgconfig/simulation.pc'
[1.761s] Level 1:colcon.colcon_core.environment:checking '/mnt/d/GroundZero/simulation/install/simulation/lib/python3.12/site-packages'
[1.763s] Level 1:colcon.colcon_core.environment:checking '/mnt/d/GroundZero/simulation/install/simulation/bin'
[1.765s] INFO:colcon.colcon_core.shell:Creating package descriptor '/mnt/d/GroundZero/simulation/install/simulation/share/simulation/package.dsv'
[1.773s] INFO:colcon.colcon_core.shell:Creating package script '/mnt/d/GroundZero/simulation/install/simulation/share/simulation/package.sh'
[1.782s] INFO:colcon.colcon_core.shell:Creating package script '/mnt/d/GroundZero/simulation/install/simulation/share/simulation/package.bash'
[1.792s] INFO:colcon.colcon_core.shell:Creating package script '/mnt/d/GroundZero/simulation/install/simulation/share/simulation/package.zsh'
[1.801s] Level 1:colcon.colcon_core.environment:create_file_with_runtime_dependencies(/mnt/d/GroundZero/simulation/install/simulation/share/colcon-core/packages/simulation)
[1.818s] Level 1:colcon.colcon_core.environment:create_environment_scripts_only(simulation)
[1.819s] Level 1:colcon.colcon_core.environment:checking '/mnt/d/GroundZero/simulation/install/simulation' for CMake module files
[1.874s] Level 1:colcon.colcon_core.environment:checking '/mnt/d/GroundZero/simulation/install/simulation' for CMake config files
[1.919s] Level 1:colcon.colcon_core.shell:create_environment_hook('simulation', 'cmake_prefix_path')
[1.920s] INFO:colcon.colcon_core.shell:Creating environment descriptor '/mnt/d/GroundZero/simulation/install/simulation/share/simulation/hook/cmake_prefix_path.dsv'
[1.930s] INFO:colcon.colcon_core.shell:Creating environment hook '/mnt/d/GroundZero/simulation/install/simulation/share/simulation/hook/cmake_prefix_path.sh'
[1.943s] Level 1:colcon.colcon_core.environment:checking '/mnt/d/GroundZero/simulation/install/simulation/bin'
[1.946s] Level 1:colcon.colcon_core.environment:checking '/mnt/d/GroundZero/simulation/install/simulation/lib/pkgconfig/simulation.pc'
[1.948s] Level 1:colcon.colcon_core.environment:checking '/mnt/d/GroundZero/simulation/install/simulation/lib/python3.12/site-packages'
[1.949s] Level 1:colcon.colcon_core.environment:checking '/mnt/d/GroundZero/simulation/install/simulation/bin'
[1.951s] INFO:colcon.colcon_core.shell:Creating package descriptor '/mnt/d/GroundZero/simulation/install/simulation/share/simulation/package.dsv'
[1.960s] INFO:colcon.colcon_core.shell:Creating package script '/mnt/d/GroundZero/simulation/install/simulation/share/simulation/package.sh'
[1.969s] INFO:colcon.colcon_core.shell:Creating package script '/mnt/d/GroundZero/simulation/install/simulation/share/simulation/package.bash'
[1.977s] INFO:colcon.colcon_core.shell:Creating package script '/mnt/d/GroundZero/simulation/install/simulation/share/simulation/package.zsh'
[1.989s] Level 1:colcon.colcon_core.environment:create_file_with_runtime_dependencies(/mnt/d/GroundZero/simulation/install/simulation/share/colcon-core/packages/simulation)
[1.997s] DEBUG:colcon.colcon_parallel_executor.executor.parallel:closing loop
[1.998s] DEBUG:colcon.colcon_parallel_executor.executor.parallel:loop closed
[1.999s] DEBUG:colcon.colcon_parallel_executor.executor.parallel:run_until_complete finished with '0'
[2.000s] DEBUG:colcon.colcon_core.event_reactor:joining thread
[2.084s] INFO:colcon.colcon_core.plugin_system:Skipping extension 'colcon_notification.desktop_notification.notify_send': Could not find 'notify-send'
[2.086s] INFO:colcon.colcon_core.plugin_system:Skipping extension 'colcon_notification.desktop_notification.terminal_notifier': Not used on non-Darwin systems
[2.087s] INFO:colcon.colcon_core.plugin_system:Skipping extension 'colcon_notification.desktop_notification.win32': Not used on non-Windows systems
[2.089s] INFO:colcon.colcon_notification.desktop_notification:Sending desktop notification using 'notify2'
[2.091s] DEBUG:colcon.colcon_notification.desktop_notification.notify2:Failed to initialize notify2: org.freedesktop.DBus.Error.ServiceUnknown: The name org.freedesktop.Notifications was not provided by any .service files
[2.092s] DEBUG:colcon.colcon_core.event_reactor:joined thread
[2.093s] INFO:colcon.colcon_core.shell:Creating prefix script '/mnt/d/GroundZero/simulation/install/local_setup.sh'
[2.098s] INFO:colcon.colcon_core.shell:Creating prefix util module '/mnt/d/GroundZero/simulation/install/_local_setup_util_sh.py'
[2.104s] INFO:colcon.colcon_core.shell:Creating prefix chain script '/mnt/d/GroundZero/simulation/install/setup.sh'
[2.115s] INFO:colcon.colcon_core.shell:Creating prefix script '/mnt/d/GroundZero/simulation/install/local_setup.bash'
[2.121s] INFO:colcon.colcon_core.shell:Creating prefix chain script '/mnt/d/GroundZero/simulation/install/setup.bash'
[2.132s] INFO:colcon.colcon_core.shell:Creating prefix script '/mnt/d/GroundZero/simulation/install/local_setup.zsh'
[2.136s] INFO:colcon.colcon_core.shell:Creating prefix chain script '/mnt/d/GroundZero/simulation/install/setup.zsh'
