[0.069s] Invoking command in '/mnt/d/GroundZero/simulation/build/simulation': CMAKE_PREFIX_PATH=${CMAKE_PREFIX_PATH}:/opt/ros/jazzy /usr/bin/cmake --build /mnt/d/GroundZero/simulation/build/simulation -- -j12 -l12
[0.168s] Invoked command in '/mnt/d/GroundZero/simulation/build/simulation' returned '0': CMAKE_PREFIX_PATH=${CMAKE_PREFIX_PATH}:/opt/ros/jazzy /usr/bin/cmake --build /mnt/d/GroundZero/simulation/build/simulation -- -j12 -l12
[0.197s] Invoking command in '/mnt/d/GroundZero/simulation/build/simulation': CMAKE_PREFIX_PATH=${CMAKE_PREFIX_PATH}:/opt/ros/jazzy /usr/bin/cmake --install /mnt/d/GroundZero/simulation/build/simulation
[0.209s] -- Install configuration: ""
[0.218s] -- Up-to-date: /mnt/d/GroundZero/simulation/install/simulation/share/simulation/worlds
[0.241s] -- Installing: /mnt/d/GroundZero/simulation/install/simulation/share/simulation/worlds/disaster_night_world.sdf
[0.322s] -- Up-to-date: /mnt/d/GroundZero/simulation/install/simulation/share/simulation/models
[0.346s] -- Up-to-date: /mnt/d/GroundZero/simulation/install/simulation/share/simulation/models/rescue_drone
[0.369s] -- Up-to-date: /mnt/d/GroundZero/simulation/install/simulation/share/simulation/models/rescue_drone/model.config
[0.387s] -- Up-to-date: /mnt/d/GroundZero/simulation/install/simulation/share/simulation/models/rescue_drone/model.sdf
[0.406s] -- Up-to-date: /mnt/d/GroundZero/simulation/install/simulation/share/simulation/launch
[0.433s] -- Up-to-date: /mnt/d/GroundZero/simulation/install/simulation/share/simulation/launch/disaster_sim.launch.py
[0.454s] -- Up-to-date: /mnt/d/GroundZero/simulation/install/simulation/share/simulation/config
[0.483s] -- Up-to-date: /mnt/d/GroundZero/simulation/install/simulation/share/simulation/config/ros_gz_bridge.yaml
[0.524s] -- Up-to-date: /mnt/d/GroundZero/simulation/install/simulation/share/ament_index/resource_index/package_run_dependencies/simulation
[0.550s] -- Up-to-date: /mnt/d/GroundZero/simulation/install/simulation/share/ament_index/resource_index/parent_prefix_path/simulation
[0.560s] -- Up-to-date: /mnt/d/GroundZero/simulation/install/simulation/share/simulation/environment/ament_prefix_path.sh
[0.574s] -- Up-to-date: /mnt/d/GroundZero/simulation/install/simulation/share/simulation/environment/ament_prefix_path.dsv
[0.586s] -- Up-to-date: /mnt/d/GroundZero/simulation/install/simulation/share/simulation/environment/path.sh
[0.600s] -- Up-to-date: /mnt/d/GroundZero/simulation/install/simulation/share/simulation/environment/path.dsv
[0.613s] -- Up-to-date: /mnt/d/GroundZero/simulation/install/simulation/share/simulation/local_setup.bash
[0.624s] -- Up-to-date: /mnt/d/GroundZero/simulation/install/simulation/share/simulation/local_setup.sh
[0.635s] -- Up-to-date: /mnt/d/GroundZero/simulation/install/simulation/share/simulation/local_setup.zsh
[0.648s] -- Up-to-date: /mnt/d/GroundZero/simulation/install/simulation/share/simulation/local_setup.dsv
[0.660s] -- Installing: /mnt/d/GroundZero/simulation/install/simulation/share/simulation/package.dsv
[0.704s] -- Up-to-date: /mnt/d/GroundZero/simulation/install/simulation/share/ament_index/resource_index/packages/simulation
[0.717s] -- Up-to-date: /mnt/d/GroundZero/simulation/install/simulation/share/simulation/cmake/simulationConfig.cmake
[0.727s] -- Up-to-date: /mnt/d/GroundZero/simulation/install/simulation/share/simulation/cmake/simulationConfig-version.cmake
[0.736s] -- Up-to-date: /mnt/d/GroundZero/simulation/install/simulation/share/simulation/package.xml
[0.748s] Invoked command in '/mnt/d/GroundZero/simulation/build/simulation' returned '0': CMAKE_PREFIX_PATH=${CMAKE_PREFIX_PATH}:/opt/ros/jazzy /usr/bin/cmake --install /mnt/d/GroundZero/simulation/build/simulation
