[0.145s] DEBUG:colcon:Command line arguments: ['/usr/bin/colcon', 'build', '--packages-select', 'simulation']
[0.145s] DEBUG:colcon:Parsed command line arguments: Namespace(log_base=None, log_level=None, verb_name='build', build_base='build', install_base='install', merge_install=False, symlink_install=False, test_result_base=None, continue_on_error=False, executor='parallel', parallel_workers=12, event_handlers=None, ignore_user_meta=False, metas=['./colcon.meta'], base_paths=['.'], packages_ignore=None, packages_ignore_regex=None, paths=None, packages_up_to=None, packages_up_to_regex=None, packages_above=None, packages_above_and_dependencies=None, packages_above_depth=None, packages_select_by_dep=None, packages_skip_by_dep=None, packages_skip_up_to=None, packages_select_build_failed=False, packages_skip_build_finished=False, packages_select_test_failures=False, packages_skip_test_passed=False, packages_select=['simulation'], packages_skip=None, packages_select_regex=None, packages_skip_regex=None, packages_start=None, packages_end=None, cmake_args=None, cmake_target=None, cmake_target_skip_unavailable=False, cmake_clean_cache=False, cmake_clean_first=False, cmake_force_configure=False, ament_cmake_args=None, catkin_cmake_args=None, catkin_skip_building_tests=False, verb_parser=<colcon_defaults.argument_parser.defaults.DefaultArgumentsDecorator object at 0x74158a306420>, verb_extension=<colcon_core.verb.build.BuildVerb object at 0x74158a306000>, main=<bound method BuildVerb.main of <colcon_core.verb.build.BuildVerb object at 0x74158a306000>>)
[0.183s] Level 1:colcon.colcon_core.package_discovery:discover_packages(colcon_meta) check parameters
[0.187s] Level 1:colcon.colcon_core.package_discovery:discover_packages(recursive) check parameters
[0.188s] Level 1:colcon.colcon_core.package_discovery:discover_packages(ignore) check parameters
[0.189s] Level 1:colcon.colcon_core.package_discovery:discover_packages(path) check parameters
[0.190s] Level 1:colcon.colcon_core.package_discovery:discover_packages(colcon_meta) discover
[0.191s] Level 1:colcon.colcon_core.package_discovery:discover_packages(recursive) discover
[0.192s] INFO:colcon.colcon_core.package_discovery:Crawling recursively for packages in '/mnt/d/GroundZero/simulation'
[0.195s] Level 1:colcon.colcon_core.package_identification:_identify(.) by extensions ['ignore', 'ignore_ament_install']
[0.197s] Level 1:colcon.colcon_core.package_identification:_identify(.) by extension 'ignore'
[0.198s] Level 1:colcon.colcon_core.package_identification:_identify(.) by extension 'ignore_ament_install'
[0.200s] Level 1:colcon.colcon_core.package_identification:_identify(.) by extensions ['colcon_pkg']
[0.202s] Level 1:colcon.colcon_core.package_identification:_identify(.) by extension 'colcon_pkg'
[0.204s] Level 1:colcon.colcon_core.package_identification:_identify(.) by extensions ['colcon_meta']
[0.205s] Level 1:colcon.colcon_core.package_identification:_identify(.) by extension 'colcon_meta'
[0.206s] Level 1:colcon.colcon_core.package_identification:_identify(.) by extensions ['ros']
[0.208s] Level 1:colcon.colcon_core.package_identification:_identify(.) by extension 'ros'
[0.238s] DEBUG:colcon.colcon_core.package_identification:Package '.' with type 'ros.ament_cmake' and name 'simulation'
[0.241s] Level 1:colcon.colcon_core.package_discovery:discover_packages(recursive) using defaults
[0.242s] Level 1:colcon.colcon_core.package_discovery:discover_packages(ignore) discover
[0.244s] Level 1:colcon.colcon_core.package_discovery:discover_packages(ignore) using defaults
[0.245s] Level 1:colcon.colcon_core.package_discovery:discover_packages(path) discover
[0.247s] Level 1:colcon.colcon_core.package_discovery:discover_packages(path) using defaults
[0.261s] Level 5:colcon.colcon_core.verb:set package 'simulation' build argument 'cmake_args' from command line to 'None'
[0.263s] Level 5:colcon.colcon_core.verb:set package 'simulation' build argument 'cmake_target' from command line to 'None'
[0.264s] Level 5:colcon.colcon_core.verb:set package 'simulation' build argument 'cmake_target_skip_unavailable' from command line to 'False'
[0.266s] Level 5:colcon.colcon_core.verb:set package 'simulation' build argument 'cmake_clean_cache' from command line to 'False'
[0.267s] Level 5:colcon.colcon_core.verb:set package 'simulation' build argument 'cmake_clean_first' from command line to 'False'
[0.268s] Level 5:colcon.colcon_core.verb:set package 'simulation' build argument 'cmake_force_configure' from command line to 'False'
[0.270s] Level 5:colcon.colcon_core.verb:set package 'simulation' build argument 'ament_cmake_args' from command line to 'None'
[0.271s] Level 5:colcon.colcon_core.verb:set package 'simulation' build argument 'catkin_cmake_args' from command line to 'None'
[0.272s] Level 5:colcon.colcon_core.verb:set package 'simulation' build argument 'catkin_skip_building_tests' from command line to 'False'
[0.274s] DEBUG:colcon.colcon_core.verb:Building package 'simulation' with the following arguments: {'ament_cmake_args': None, 'build_base': '/mnt/d/GroundZero/simulation/build/simulation', 'catkin_cmake_args': None, 'catkin_skip_building_tests': False, 'cmake_args': None, 'cmake_clean_cache': False, 'cmake_clean_first': False, 'cmake_force_configure': False, 'cmake_target': None, 'cmake_target_skip_unavailable': False, 'install_base': '/mnt/d/GroundZero/simulation/install/simulation', 'merge_install': False, 'path': '/mnt/d/GroundZero/simulation', 'symlink_install': False, 'test_result_base': None}
[0.276s] INFO:colcon.colcon_core.executor:Executing jobs using 'parallel' executor
[0.278s] DEBUG:colcon.colcon_parallel_executor.executor.parallel:run_until_complete
[0.279s] INFO:colcon.colcon_ros.task.ament_cmake.build:Building ROS package in '/mnt/d/GroundZero/simulation' with build type 'ament_cmake'
[0.281s] INFO:colcon.colcon_cmake.task.cmake.build:Building CMake package in '/mnt/d/GroundZero/simulation'
[0.284s] INFO:colcon.colcon_core.plugin_system:Skipping extension 'colcon_core.shell.bat': Not used on non-Windows systems
[0.286s] DEBUG:colcon.colcon_core.shell:Skip shell extension 'dsv' for command environment
[0.391s] DEBUG:colcon.colcon_core.event_handler.log_command:Invoking command in '/mnt/d/GroundZero/simulation/build/simulation': CMAKE_PREFIX_PATH=${CMAKE_PREFIX_PATH}:/opt/ros/jazzy /usr/bin/cmake --build /mnt/d/GroundZero/simulation/build/simulation -- -j12 -l12
[0.471s] DEBUG:colcon.colcon_core.event_handler.log_command:Invoked command in '/mnt/d/GroundZero/simulation/build/simulation' returned '0': CMAKE_PREFIX_PATH=${CMAKE_PREFIX_PATH}:/opt/ros/jazzy /usr/bin/cmake --build /mnt/d/GroundZero/simulation/build/simulation -- -j12 -l12
[0.500s] DEBUG:colcon.colcon_core.event_handler.log_command:Invoking command in '/mnt/d/GroundZero/simulation/build/simulation': CMAKE_PREFIX_PATH=${CMAKE_PREFIX_PATH}:/opt/ros/jazzy /usr/bin/cmake --install /mnt/d/GroundZero/simulation/build/simulation
[1.785s] Level 1:colcon.colcon_core.environment:create_environment_scripts_only(simulation)
[1.787s] Level 1:colcon.colcon_core.environment:checking '/mnt/d/GroundZero/simulation/install/simulation' for CMake module files
[1.790s] DEBUG:colcon.colcon_core.event_handler.log_command:Invoked command in '/mnt/d/GroundZero/simulation/build/simulation' returned '0': CMAKE_PREFIX_PATH=${CMAKE_PREFIX_PATH}:/opt/ros/jazzy /usr/bin/cmake --install /mnt/d/GroundZero/simulation/build/simulation
[1.845s] Level 1:colcon.colcon_core.environment:checking '/mnt/d/GroundZero/simulation/install/simulation' for CMake config files
[1.893s] Level 1:colcon.colcon_core.shell:create_environment_hook('simulation', 'cmake_prefix_path')
[1.894s] INFO:colcon.colcon_core.shell:Creating environment descriptor '/mnt/d/GroundZero/simulation/install/simulation/share/simulation/hook/cmake_prefix_path.dsv'
[1.914s] INFO:colcon.colcon_core.shell:Creating environment hook '/mnt/d/GroundZero/simulation/install/simulation/share/simulation/hook/cmake_prefix_path.sh'
[1.934s] Level 1:colcon.colcon_core.environment:checking '/mnt/d/GroundZero/simulation/install/simulation/bin'
[1.937s] Level 1:colcon.colcon_core.environment:checking '/mnt/d/GroundZero/simulation/install/simulation/lib/pkgconfig/simulation.pc'
[1.940s] Level 1:colcon.colcon_core.environment:checking '/mnt/d/GroundZero/simulation/install/simulation/lib/python3.12/site-packages'
[1.943s] Level 1:colcon.colcon_core.environment:checking '/mnt/d/GroundZero/simulation/install/simulation/bin'
[1.946s] INFO:colcon.colcon_core.shell:Creating package descriptor '/mnt/d/GroundZero/simulation/install/simulation/share/simulation/package.dsv'
[1.960s] INFO:colcon.colcon_core.shell:Creating package script '/mnt/d/GroundZero/simulation/install/simulation/share/simulation/package.sh'
[1.973s] INFO:colcon.colcon_core.shell:Creating package script '/mnt/d/GroundZero/simulation/install/simulation/share/simulation/package.bash'
[1.990s] INFO:colcon.colcon_core.shell:Creating package script '/mnt/d/GroundZero/simulation/install/simulation/share/simulation/package.zsh'
[2.005s] Level 1:colcon.colcon_core.environment:create_file_with_runtime_dependencies(/mnt/d/GroundZero/simulation/install/simulation/share/colcon-core/packages/simulation)
[2.031s] Level 1:colcon.colcon_core.environment:create_environment_scripts_only(simulation)
[2.032s] Level 1:colcon.colcon_core.environment:checking '/mnt/d/GroundZero/simulation/install/simulation' for CMake module files
[2.108s] Level 1:colcon.colcon_core.environment:checking '/mnt/d/GroundZero/simulation/install/simulation' for CMake config files
[2.166s] Level 1:colcon.colcon_core.shell:create_environment_hook('simulation', 'cmake_prefix_path')
[2.167s] INFO:colcon.colcon_core.shell:Creating environment descriptor '/mnt/d/GroundZero/simulation/install/simulation/share/simulation/hook/cmake_prefix_path.dsv'
[2.178s] INFO:colcon.colcon_core.shell:Creating environment hook '/mnt/d/GroundZero/simulation/install/simulation/share/simulation/hook/cmake_prefix_path.sh'
[2.190s] Level 1:colcon.colcon_core.environment:checking '/mnt/d/GroundZero/simulation/install/simulation/bin'
[2.192s] Level 1:colcon.colcon_core.environment:checking '/mnt/d/GroundZero/simulation/install/simulation/lib/pkgconfig/simulation.pc'
[2.193s] Level 1:colcon.colcon_core.environment:checking '/mnt/d/GroundZero/simulation/install/simulation/lib/python3.12/site-packages'
[2.195s] Level 1:colcon.colcon_core.environment:checking '/mnt/d/GroundZero/simulation/install/simulation/bin'
[2.197s] INFO:colcon.colcon_core.shell:Creating package descriptor '/mnt/d/GroundZero/simulation/install/simulation/share/simulation/package.dsv'
[2.206s] INFO:colcon.colcon_core.shell:Creating package script '/mnt/d/GroundZero/simulation/install/simulation/share/simulation/package.sh'
[2.214s] INFO:colcon.colcon_core.shell:Creating package script '/mnt/d/GroundZero/simulation/install/simulation/share/simulation/package.bash'
[2.224s] INFO:colcon.colcon_core.shell:Creating package script '/mnt/d/GroundZero/simulation/install/simulation/share/simulation/package.zsh'
[2.234s] Level 1:colcon.colcon_core.environment:create_file_with_runtime_dependencies(/mnt/d/GroundZero/simulation/install/simulation/share/colcon-core/packages/simulation)
[2.244s] DEBUG:colcon.colcon_parallel_executor.executor.parallel:closing loop
[2.246s] DEBUG:colcon.colcon_parallel_executor.executor.parallel:loop closed
[2.247s] DEBUG:colcon.colcon_parallel_executor.executor.parallel:run_until_complete finished with '0'
[2.248s] DEBUG:colcon.colcon_core.event_reactor:joining thread
[2.302s] INFO:colcon.colcon_core.plugin_system:Skipping extension 'colcon_notification.desktop_notification.notify_send': Could not find 'notify-send'
[2.303s] INFO:colcon.colcon_core.plugin_system:Skipping extension 'colcon_notification.desktop_notification.terminal_notifier': Not used on non-Darwin systems
[2.304s] INFO:colcon.colcon_core.plugin_system:Skipping extension 'colcon_notification.desktop_notification.win32': Not used on non-Windows systems
[2.305s] INFO:colcon.colcon_notification.desktop_notification:Sending desktop notification using 'notify2'
[2.307s] DEBUG:colcon.colcon_notification.desktop_notification.notify2:Failed to initialize notify2: org.freedesktop.DBus.Error.ServiceUnknown: The name org.freedesktop.Notifications was not provided by any .service files
[2.308s] DEBUG:colcon.colcon_core.event_reactor:joined thread
[2.309s] INFO:colcon.colcon_core.shell:Creating prefix script '/mnt/d/GroundZero/simulation/install/local_setup.sh'
[2.317s] INFO:colcon.colcon_core.shell:Creating prefix util module '/mnt/d/GroundZero/simulation/install/_local_setup_util_sh.py'
[2.324s] INFO:colcon.colcon_core.shell:Creating prefix chain script '/mnt/d/GroundZero/simulation/install/setup.sh'
[2.338s] INFO:colcon.colcon_core.shell:Creating prefix script '/mnt/d/GroundZero/simulation/install/local_setup.bash'
[2.343s] INFO:colcon.colcon_core.shell:Creating prefix chain script '/mnt/d/GroundZero/simulation/install/setup.bash'
[2.356s] INFO:colcon.colcon_core.shell:Creating prefix script '/mnt/d/GroundZero/simulation/install/local_setup.zsh'
[2.362s] INFO:colcon.colcon_core.shell:Creating prefix chain script '/mnt/d/GroundZero/simulation/install/setup.zsh'
